Archive member included to satisfy reference by file (symbol)

C:/ST/STM32CubeIDE_1.13.0/STM32CubeIDE/plugins/com.st.stm32cube.ide.mcu.externaltools.gnu-tools-for-stm32.11.3.rel1.win32_1.1.0.202305231506/tools/bin/../lib/gcc/arm-none-eabi/11.3.1/../../../../arm-none-eabi/lib/thumb/v7e-m+dp/hard\libc_nano.a(libc_a-calloc.o)
                              ./CANopenNode/CANopen.o (calloc)
C:/ST/STM32CubeIDE_1.13.0/STM32CubeIDE/plugins/com.st.stm32cube.ide.mcu.externaltools.gnu-tools-for-stm32.11.3.rel1.win32_1.1.0.202305231506/tools/bin/../lib/gcc/arm-none-eabi/11.3.1/../../../../arm-none-eabi/lib/thumb/v7e-m+dp/hard\libc_nano.a(libc_a-callocr.o)
                              C:/ST/STM32CubeIDE_1.13.0/STM32CubeIDE/plugins/com.st.stm32cube.ide.mcu.externaltools.gnu-tools-for-stm32.11.3.rel1.win32_1.1.0.202305231506/tools/bin/../lib/gcc/arm-none-eabi/11.3.1/../../../../arm-none-eabi/lib/thumb/v7e-m+dp/hard\libc_nano.a(libc_a-calloc.o) (_calloc_r)
C:/ST/STM32CubeIDE_1.13.0/STM32CubeIDE/plugins/com.st.stm32cube.ide.mcu.externaltools.gnu-tools-for-stm32.11.3.rel1.win32_1.1.0.202305231506/tools/bin/../lib/gcc/arm-none-eabi/11.3.1/../../../../arm-none-eabi/lib/thumb/v7e-m+dp/hard\libc_nano.a(libc_a-exit.o)
                              C:/ST/STM32CubeIDE_1.13.0/STM32CubeIDE/plugins/com.st.stm32cube.ide.mcu.externaltools.gnu-tools-for-stm32.11.3.rel1.win32_1.1.0.202305231506/tools/bin/../lib/gcc/arm-none-eabi/11.3.1/../../../../arm-none-eabi/lib/thumb/v7e-m+dp/hard/crt0.o (exit)
C:/ST/STM32CubeIDE_1.13.0/STM32CubeIDE/plugins/com.st.stm32cube.ide.mcu.externaltools.gnu-tools-for-stm32.11.3.rel1.win32_1.1.0.202305231506/tools/bin/../lib/gcc/arm-none-eabi/11.3.1/../../../../arm-none-eabi/lib/thumb/v7e-m+dp/hard\libc_nano.a(libc_a-malloc.o)
                              ./CANopenNode/CANopen.o (free)
C:/ST/STM32CubeIDE_1.13.0/STM32CubeIDE/plugins/com.st.stm32cube.ide.mcu.externaltools.gnu-tools-for-stm32.11.3.rel1.win32_1.1.0.202305231506/tools/bin/../lib/gcc/arm-none-eabi/11.3.1/../../../../arm-none-eabi/lib/thumb/v7e-m+dp/hard\libc_nano.a(libc_a-mallocr.o)
                              C:/ST/STM32CubeIDE_1.13.0/STM32CubeIDE/plugins/com.st.stm32cube.ide.mcu.externaltools.gnu-tools-for-stm32.11.3.rel1.win32_1.1.0.202305231506/tools/bin/../lib/gcc/arm-none-eabi/11.3.1/../../../../arm-none-eabi/lib/thumb/v7e-m+dp/hard\libc_nano.a(libc_a-callocr.o) (_malloc_r)
C:/ST/STM32CubeIDE_1.13.0/STM32CubeIDE/plugins/com.st.stm32cube.ide.mcu.externaltools.gnu-tools-for-stm32.11.3.rel1.win32_1.1.0.202305231506/tools/bin/../lib/gcc/arm-none-eabi/11.3.1/../../../../arm-none-eabi/lib/thumb/v7e-m+dp/hard\libc_nano.a(libc_a-mlock.o)
                              C:/ST/STM32CubeIDE_1.13.0/STM32CubeIDE/plugins/com.st.stm32cube.ide.mcu.externaltools.gnu-tools-for-stm32.11.3.rel1.win32_1.1.0.202305231506/tools/bin/../lib/gcc/arm-none-eabi/11.3.1/../../../../arm-none-eabi/lib/thumb/v7e-m+dp/hard\libc_nano.a(libc_a-mallocr.o) (__malloc_lock)
C:/ST/STM32CubeIDE_1.13.0/STM32CubeIDE/plugins/com.st.stm32cube.ide.mcu.externaltools.gnu-tools-for-stm32.11.3.rel1.win32_1.1.0.202305231506/tools/bin/../lib/gcc/arm-none-eabi/11.3.1/../../../../arm-none-eabi/lib/thumb/v7e-m+dp/hard\libc_nano.a(libc_a-fflush.o)
                              ./Core/CANopenNode_STM32/CO_app_STM32.o (fflush)
C:/ST/STM32CubeIDE_1.13.0/STM32CubeIDE/plugins/com.st.stm32cube.ide.mcu.externaltools.gnu-tools-for-stm32.11.3.rel1.win32_1.1.0.202305231506/tools/bin/../lib/gcc/arm-none-eabi/11.3.1/../../../../arm-none-eabi/lib/thumb/v7e-m+dp/hard\libc_nano.a(libc_a-findfp.o)
                              C:/ST/STM32CubeIDE_1.13.0/STM32CubeIDE/plugins/com.st.stm32cube.ide.mcu.externaltools.gnu-tools-for-stm32.11.3.rel1.win32_1.1.0.202305231506/tools/bin/../lib/gcc/arm-none-eabi/11.3.1/../../../../arm-none-eabi/lib/thumb/v7e-m+dp/hard\libc_nano.a(libc_a-fflush.o) (__sinit)
C:/ST/STM32CubeIDE_1.13.0/STM32CubeIDE/plugins/com.st.stm32cube.ide.mcu.externaltools.gnu-tools-for-stm32.11.3.rel1.win32_1.1.0.202305231506/tools/bin/../lib/gcc/arm-none-eabi/11.3.1/../../../../arm-none-eabi/lib/thumb/v7e-m+dp/hard\libc_nano.a(libc_a-fwalk.o)
                              C:/ST/STM32CubeIDE_1.13.0/STM32CubeIDE/plugins/com.st.stm32cube.ide.mcu.externaltools.gnu-tools-for-stm32.11.3.rel1.win32_1.1.0.202305231506/tools/bin/../lib/gcc/arm-none-eabi/11.3.1/../../../../arm-none-eabi/lib/thumb/v7e-m+dp/hard\libc_nano.a(libc_a-fflush.o) (_fwalk_sglue)
C:/ST/STM32CubeIDE_1.13.0/STM32CubeIDE/plugins/com.st.stm32cube.ide.mcu.externaltools.gnu-tools-for-stm32.11.3.rel1.win32_1.1.0.202305231506/tools/bin/../lib/gcc/arm-none-eabi/11.3.1/../../../../arm-none-eabi/lib/thumb/v7e-m+dp/hard\libc_nano.a(libc_a-printf.o)
                              ./Core/CANopenNode_STM32/CO_app_STM32.o (printf)
[...]
Memory Configuration

Name             Origin             Length             Attributes
RAM              0x0000000020000000 0x0000000000080000 xrw
FLASH            0x0000000008000000 0x0000000000200000 xr
*default*        0x0000000000000000 0xffffffffffffffff

Linker script and memory map

LOAD C:/ST/STM32CubeIDE_1.13.0/STM32CubeIDE/plugins/com.st.stm32cube.ide.mcu.externaltools.gnu-tools-for-stm32.11.3.rel1.win32_1.1.0.202305231506/tools/bin/../lib/gcc/arm-none-eabi/11.3.1/thumb/v7e-m+dp/hard/crti.o
LOAD C:/ST/STM32CubeIDE_1.13.0/STM32CubeIDE/plugins/com.st.stm32cube.ide.mcu.externaltools.gnu-tools-for-stm32.11.3.rel1.win32_1.1.0.202305231506/tools/bin/../lib/gcc/arm-none-eabi/11.3.1/thumb/v7e-m+dp/hard/crtbegin.o
LOAD C:/ST/STM32CubeIDE_1.13.0/STM32CubeIDE/plugins/com.st.stm32cube.ide.mcu.externaltools.gnu-tools-for-stm32.11.3.rel1.win32_1.1.0.202305231506/tools/bin/../lib/gcc/arm-none-eabi/11.3.1/../../../../arm-none-eabi/lib/thumb/v7e-m+dp/hard/crt0.o
LOAD ./CANopenNode/301/CO_Emergency.o
LOAD ./CANopenNode/301/CO_HBconsumer.o
LOAD ./CANopenNode/301/CO_NMT_Heartbeat.o
LOAD ./CANopenNode/301/CO_ODinterface.o
LOAD ./CANopenNode/301/CO_PDO.o
LOAD ./CANopenNode/301/CO_SDOclient.o
LOAD ./CANopenNode/301/CO_SDOserver.o
LOAD ./CANopenNode/301/CO_SYNC.o
LOAD ./CANopenNode/301/CO_TIME.o
LOAD ./CANopenNode/301/CO_fifo.o
LOAD ./CANopenNode/301/crc16-ccitt.o
LOAD ./CANopenNode/303/CO_LEDs.o
LOAD ./CANopenNode/304/CO_GFC.o
LOAD ./CANopenNode/304/CO_SRDO.o
LOAD ./CANopenNode/305/CO_LSSmaster.o
LOAD ./CANopenNode/305/CO_LSSslave.o
LOAD ./CANopenNode/309/CO_gateway_ascii.o
LOAD ./CANopenNode/CANopen.o
LOAD ./CANopenNode/extra/CO_trace.o
LOAD ./CANopenNode/storage/CO_storage.o
LOAD ./CANopenNode/storage/CO_storageEeprom.o
LOAD ./Core/CANopenNode_STM32/CO_app_STM32.o
LOAD ./Core/CANopenNode_STM32/CO_driver_STM32.o
LOAD ./Core/CANopenNode_STM32/CO_storageBlank.o
LOAD ./Core/CANopenNode_STM32/OD.o
LOAD ./Core/Src/main.o
LOAD ./Core/Src/stm32f7xx_hal_msp.o
LOAD ./Core/Src/stm32f7xx_it.o
LOAD ./Core/Src/syscalls.o
LOAD ./Core/Src/sysmem.o
LOAD ./Core/Src/system_stm32f7xx.o
LOAD ./Core/Startup/startup_stm32f767vitx.o
LOAD ./Drivers/STM32F7xx_HAL_Driver/Src/stm32f7xx_hal.o
LOAD ./Drivers/STM32F7xx_HAL_Driver/Src/stm32f7xx_hal_can.o
LOAD ./Drivers/STM32F7xx_HAL_Driver/Src/stm32f7xx_hal_cortex.o
LOAD ./Drivers/STM32F7xx_HAL_Driver/Src/stm32f7xx_hal_dma.o
LOAD ./Drivers/STM32F7xx_HAL_Driver/Src/stm32f7xx_hal_dma_ex.o
LOAD ./Drivers/STM32F7xx_HAL_Driver/Src/stm32f7xx_hal_exti.o
LOAD ./Drivers/STM32F7xx_HAL_Driver/Src/stm32f7xx_hal_flash.o
LOAD ./Drivers/STM32F7xx_HAL_Driver/Src/stm32f7xx_hal_flash_ex.o
LOAD ./Drivers/STM32F7xx_HAL_Driver/Src/stm32f7xx_hal_gpio.o
LOAD ./Drivers/STM32F7xx_HAL_Driver/Src/stm32f7xx_hal_i2c.o
LOAD ./Drivers/STM32F7xx_HAL_Driver/Src/stm32f7xx_hal_i2c_ex.o
LOAD ./Drivers/STM32F7xx_HAL_Driver/Src/stm32f7xx_hal_pwr.o
LOAD ./Drivers/STM32F7xx_HAL_Driver/Src/stm32f7xx_hal_pwr_ex.o
LOAD ./Drivers/STM32F7xx_HAL_Driver/Src/stm32f7xx_hal_rcc.o
LOAD ./Drivers/STM32F7xx_HAL_Driver/Src/stm32f7xx_hal_rcc_ex.o
LOAD ./Drivers/STM32F7xx_HAL_Driver/Src/stm32f7xx_hal_tim.o
LOAD ./Drivers/STM32F7xx_HAL_Driver/Src/stm32f7xx_hal_tim_ex.o
START GROUP
LOAD C:/ST/STM32CubeIDE_1.13.0/STM32CubeIDE/plugins/com.st.stm32cube.ide.mcu.externaltools.gnu-tools-for-stm32.11.3.rel1.win32_1.1.0.202305231506/tools/bin/../lib/gcc/arm-none-eabi/11.3.1/../../../../arm-none-eabi/lib/thumb/v7e-m+dp/hard\libc_nano.a
LOAD C:/ST/STM32CubeIDE_1.13.0/STM32CubeIDE/plugins/com.st.stm32cube.ide.mcu.externaltools.gnu-tools-for-stm32.11.3.rel1.win32_1.1.0.202305231506/tools/bin/../lib/gcc/arm-none-eabi/11.3.1/../../../../arm-none-eabi/lib/thumb/v7e-m+dp/hard\libm.a
END GROUP
START GROUP
LOAD C:/ST/STM32CubeIDE_1.13.0/STM32CubeIDE/plugins/com.st.stm32cube.ide.mcu.externaltools.gnu-tools-for-stm32.11.3.rel1.win32_1.1.0.202305231506/tools/bin/../lib/gcc/arm-none-eabi/11.3.1/thumb/v7e-m+dp/hard\libgcc.a
LOAD C:/ST/STM32CubeIDE_1.13.0/STM32CubeIDE/plugins/com.st.stm32cube.ide.mcu.externaltools.gnu-tools-for-stm32.11.3.rel1.win32_1.1.0.202305231506/tools/bin/../lib/gcc/arm-none-eabi/11.3.1/../../../../arm-none-eabi/lib/thumb/v7e-m+dp/hard\libc_nano.a
END GROUP
START GROUP
LOAD C:/ST/STM32CubeIDE_1.13.0/STM32CubeIDE/plugins/com.st.stm32cube.ide.mcu.externaltools.gnu-tools-for-stm32.11.3.rel1.win32_1.1.0.202305231506/tools/bin/../lib/gcc/arm-none-eabi/11.3.1/thumb/v7e-m+dp/hard\libgcc.a
LOAD C:/ST/STM32CubeIDE_1.13.0/STM32CubeIDE/plugins/com.st.stm32cube.ide.mcu.externaltools.gnu-tools-for-stm32.11.3.rel1.win32_1.1.0.202305231506/tools/bin/../lib/gcc/arm-none-eabi/11.3.1/../../../../arm-none-eabi/lib/thumb/v7e-m+dp/hard\libc_nano.a
LOAD C:/ST/STM32CubeIDE_1.13.0/STM32CubeIDE/plugins/com.st.stm32cube.ide.mcu.externaltools.gnu-tools-for-stm32.11.3.rel1.win32_1.1.0.202305231506/tools/bin/../lib/gcc/arm-none-eabi/11.3.1/../../../../arm-none-eabi/lib/thumb/v7e-m+dp/hard\libnosys.a
END GROUP
START GROUP
LOAD C:/ST/STM32CubeIDE_1.13.0/STM32CubeIDE/plugins/com.st.stm32cube.ide.mcu.externaltools.gnu-tools-for-stm32.11.3.rel1.win32_1.1.0.202305231506/tools/bin/../lib/gcc/arm-none-eabi/11.3.1/thumb/v7e-m+dp/hard\libgcc.a
LOAD C:/ST/STM32CubeIDE_1.13.0/STM32CubeIDE/plugins/com.st.stm32cube.ide.mcu.externaltools.gnu-tools-for-stm32.11.3.rel1.win32_1.1.0.202305231506/tools/bin/../lib/gcc/arm-none-eabi/11.3.1/../../../../arm-none-eabi/lib/thumb/v7e-m+dp/hard\libc_nano.a
LOAD C:/ST/STM32CubeIDE_1.13.0/STM32CubeIDE/plugins/com.st.stm32cube.ide.mcu.externaltools.gnu-tools-for-stm32.11.3.rel1.win32_1.1.0.202305231506/tools/bin/../lib/gcc/arm-none-eabi/11.3.1/../../../../arm-none-eabi/lib/thumb/v7e-m+dp/hard\libnosys.a
END GROUP
LOAD C:/ST/STM32CubeIDE_1.13.0/STM32CubeIDE/plugins/com.st.stm32cube.ide.mcu.externaltools.gnu-tools-for-stm32.11.3.rel1.win32_1.1.0.202305231506/tools/bin/../lib/gcc/arm-none-eabi/11.3.1/thumb/v7e-m+dp/hard/crtend.o
LOAD C:/ST/STM32CubeIDE_1.13.0/STM32CubeIDE/plugins/com.st.stm32cube.ide.mcu.externaltools.gnu-tools-for-stm32.11.3.rel1.win32_1.1.0.202305231506/tools/bin/../lib/gcc/arm-none-eabi/11.3.1/thumb/v7e-m+dp/hard/crtn.o
                0x0000000020080000                _estack = (ORIGIN (RAM) + LENGTH (RAM))
                0x0000000000000200                _Min_Heap_Size = 0x200
                0x0000000000000400                _Min_Stack_Size = 0x400

.isr_vector     0x0000000008000000      0x1f8
                0x0000000008000000                . = ALIGN (0x4)
 *(.isr_vector)
 .isr_vector    0x0000000008000000      0x1f8 ./Core/Startup/startup_stm32f767vitx.o
                0x0000000008000000                g_pfnVectors
                0x00000000080001f8                . = ALIGN (0x4)

.text           0x0000000008000200     0xa2f8
                0x0000000008000200                . = ALIGN (0x4)
 *(.text)
 .text          0x0000000008000200       0x40 C:/ST/STM32CubeIDE_1.13.0/STM32CubeIDE/plugins/com.st.stm32cube.ide.mcu.externaltools.gnu-tools-for-stm32.11.3.rel1.win32_1.1.0.202305231506/tools/bin/../lib/gcc/arm-none-eabi/11.3.1/thumb/v7e-m+dp/hard/crtbegin.o
 .text          0x0000000008000240       0xa0 C:/ST/STM32CubeIDE_1.13.0/STM32CubeIDE/plugins/com.st.stm32cube.ide.mcu.externaltools.gnu-tools-for-stm32.11.3.rel1.win32_1.1.0.202305231506/tools/bin/../lib/gcc/arm-none-eabi/11.3.1/../../../../arm-none-eabi/lib/thumb/v7e-m+dp/hard\libc_nano.a(libc_a-memchr.o)
                0x0000000008000240                memchr
 .text          0x00000000080002e0       0x30 C:/ST/STM32CubeIDE_1.13.0/STM32CubeIDE/plugins/com.st.stm32cube.ide.mcu.externaltools.gnu-tools-for-stm32.11.3.rel1.win32_1.1.0.202305231506/tools/bin/../lib/gcc/arm-none-eabi/11.3.1/thumb/v7e-m+dp/hard\libgcc.a(_aeabi_uldivmod.o)
                0x00000000080002e0                __aeabi_uldivmod
 .text          0x0000000008000310      0x2c8 C:/ST/STM32CubeIDE_1.13.0/STM32CubeIDE/plugins/com.st.stm32cube.ide.mcu.externaltools.gnu-tools-for-stm32.11.3.rel1.win32_1.1.0.202305231506/tools/bin/../lib/gcc/arm-none-eabi/11.3.1/thumb/v7e-m+dp/hard\libgcc.a(_udivmoddi4.o)
                0x0000000008000310                __udivmoddi4
 .text          0x00000000080005d8        0x4 C:/ST/STM32CubeIDE_1.13.0/STM32CubeIDE/plugins/com.st.stm32cube.ide.mcu.externaltools.gnu-tools-for-stm32.11.3.rel1.win32_1.1.0.202305231506/tools/bin/../lib/gcc/arm-none-eabi/11.3.1/thumb/v7e-m+dp/hard\libgcc.a(_dvmd_tls.o)
                0x00000000080005d8                __aeabi_idiv0
                0x00000000080005d8                __aeabi_ldiv0
 *(.text*)
 .text.CO_getUint8
                0x00000000080005dc       0x1c ./CANopenNode/301/CO_Emergency.o
 .text.CO_setUint8
                0x00000000080005f8       0x20 ./CANopenNode/301/CO_Emergency.o
 .text.CO_setUint32
                0x0000000008000618       0x1e ./CANopenNode/301/CO_Emergency.o
 .text.OD_getIndex
                0x0000000008000636       0x22 ./CANopenNode/301/CO_Emergency.o
 .text.OD_extension_init
                0x0000000008000658       0x28 ./CANopenNode/301/CO_Emergency.o
 .text.OD_get_u32
                0x0000000008000680       0x2a ./CANopenNode/301/CO_Emergency.o
 .text.OD_read_1014_default
                0x00000000080006aa       0x72 ./CANopenNode/301/CO_Emergency.o
 .text.OD_read_1003
                0x000000000800071c       0xdc ./CANopenNode/301/CO_Emergency.o
 .text.OD_write_1003
                0x00000000080007f8       0x60 ./CANopenNode/301/CO_Emergency.o
 .text.CO_EM_init
                0x0000000008000858      0x1c0 ./CANopenNode/301/CO_Emergency.o
                0x0000000008000858                CO_EM_init
 .text.CO_error
                0x0000000008000a18      0x17a ./CANopenNode/301/CO_Emergency.o
                0x0000000008000a18                CO_error
 .text.CO_getUint32
                0x0000000008000b92       0x1c ./CANopenNode/301/CO_HBconsumer.o
 .text.OD_getIndex
                0x0000000008000bae       0x22 ./CANopenNode/301/CO_HBconsumer.o
 .text.OD_extension_init
                0x0000000008000bd0       0x28 ./CANopenNode/301/CO_HBconsumer.o
 .text.OD_get_u32
                0x0000000008000bf8       0x2a ./CANopenNode/301/CO_HBconsumer.o
 .text.CO_HBcons_receive
                0x0000000008000c22       0x3c ./CANopenNode/301/CO_HBconsumer.o
 .text.OD_write_1016
                0x0000000008000c5e       0x8e ./CANopenNode/301/CO_HBconsumer.o
 .text.CO_HBconsumer_init
                0x0000000008000cec      0x158 ./CANopenNode/301/CO_HBconsumer.o
                0x0000000008000cec                CO_HBconsumer_init
 .text.CO_HBconsumer_initEntry
                0x0000000008000e44      0x130 ./CANopenNode/301/CO_HBconsumer.o
 .text.CO_getUint16
                0x0000000008000f74       0x1e ./CANopenNode/301/CO_NMT_Heartbeat.o
 .text.OD_getIndex
                0x0000000008000f92       0x22 ./CANopenNode/301/CO_NMT_Heartbeat.o
 .text.OD_extension_init
                0x0000000008000fb4       0x28 ./CANopenNode/301/CO_NMT_Heartbeat.o
 .text.OD_get_u16
                0x0000000008000fdc       0x2a ./CANopenNode/301/CO_NMT_Heartbeat.o
 .text.CO_NMT_receive
                0x0000000008001006       0x4e ./CANopenNode/301/CO_NMT_Heartbeat.o
 .text.OD_write_1017
                0x0000000008001054       0x6a ./CANopenNode/301/CO_NMT_Heartbeat.o
 *fill*         0x00000000080010be        0x2 
 .text.CO_NMT_init
                0x00000000080010c0      0x17c ./CANopenNode/301/CO_NMT_Heartbeat.o
                0x00000000080010c0                CO_NMT_init
 .text.OD_readOriginal
                0x000000000800123c       0xb0 ./CANopenNode/301/CO_ODinterface.o
                0x000000000800123c                OD_readOriginal
 .text.OD_writeOriginal
                0x00000000080012ec       0xbc ./CANopenNode/301/CO_ODinterface.o
                0x00000000080012ec                OD_writeOriginal
 .text.OD_readDisabled
                0x00000000080013a8       0x1c ./CANopenNode/301/CO_ODinterface.o
 .text.OD_writeDisabled
                0x00000000080013c4       0x1c ./CANopenNode/301/CO_ODinterface.o
 .text.OD_find  0x00000000080013e0       0xb8 ./CANopenNode/301/CO_ODinterface.o
                0x00000000080013e0                OD_find
 .text.OD_getSub
                0x0000000008001498      0x1e4 ./CANopenNode/301/CO_ODinterface.o
                0x0000000008001498                OD_getSub
 .text.OD_get_value
                0x000000000800167c       0x6c ./CANopenNode/301/CO_ODinterface.o
                0x000000000800167c                OD_get_value
 .text.OD_set_value
                0x00000000080016e8       0x62 ./CANopenNode/301/CO_ODinterface.o
                0x00000000080016e8                OD_set_value
 .text.OD_getPtr
                0x000000000800174a       0x86 ./CANopenNode/301/CO_ODinterface.o
                0x000000000800174a                OD_getPtr
 .text.CO_getUint8
                0x00000000080017d0       0x1c ./CANopenNode/301/CO_PDO.o
 .text.CO_getUint16
                0x00000000080017ec       0x1e ./CANopenNode/301/CO_PDO.o
 .text.CO_getUint32
                0x000000000800180a       0x1c ./CANopenNode/301/CO_PDO.o
 .text.CO_setUint32
                0x0000000008001826       0x1e ./CANopenNode/301/CO_PDO.o
 .text.OD_getIndex
                0x0000000008001844       0x22 ./CANopenNode/301/CO_PDO.o
 .text.OD_extension_init
                0x0000000008001866       0x28 ./CANopenNode/301/CO_PDO.o
 .text.OD_get_u8
                0x000000000800188e       0x2a ./CANopenNode/301/CO_PDO.o
 .text.OD_get_u16
                0x00000000080018b8       0x2a ./CANopenNode/301/CO_PDO.o
 .text.OD_get_u32
                0x00000000080018e2       0x2a ./CANopenNode/301/CO_PDO.o
 .text.OD_write_dummy
                0x000000000800190c       0x28 ./CANopenNode/301/CO_PDO.o
 .text.OD_read_dummy
                0x0000000008001934       0x4e ./CANopenNode/301/CO_PDO.o
 *fill*         0x0000000008001982        0x2 
 .text.PDOconfigMap
                0x0000000008001984      0x180 ./CANopenNode/301/CO_PDO.o
 .text.PDO_initMapping
                0x0000000008001b04      0x15a ./CANopenNode/301/CO_PDO.o
 .text.OD_write_PDO_mapping
                0x0000000008001c5e      0x142 ./CANopenNode/301/CO_PDO.o
 .text.OD_read_PDO_commParam
                0x0000000008001da0       0xa0 ./CANopenNode/301/CO_PDO.o
 .text.CO_PDO_receive
                0x0000000008001e40       0xbc ./CANopenNode/301/CO_PDO.o
 .text.OD_write_14xx
                0x0000000008001efc      0x23c ./CANopenNode/301/CO_PDO.o
 .text.CO_RPDO_init
                0x0000000008002138      0x28c ./CANopenNode/301/CO_PDO.o
                0x0000000008002138                CO_RPDO_init
 .text.CO_RPDO_process
                0x00000000080023c4      0x292 ./CANopenNode/301/CO_PDO.o
                0x00000000080023c4                CO_RPDO_process
 *fill*         0x0000000008002656        0x2 
 .text.OD_write_18xx
                0x0000000008002658      0x2a4 ./CANopenNode/301/CO_PDO.o
 .text.CO_TPDO_init
                0x00000000080028fc      0x2f4 ./CANopenNode/301/CO_PDO.o
                0x00000000080028fc                CO_TPDO_init
 .text.CO_TPDOsend
                0x0000000008002bf0      0x148 ./CANopenNode/301/CO_PDO.o
 .text.CO_TPDO_process
                0x0000000008002d38      0x24e ./CANopenNode/301/CO_PDO.o
                0x0000000008002d38                CO_TPDO_process
 .text.OD_getIndex
                0x0000000008002f86       0x22 ./CANopenNode/301/CO_SDOclient.o
 .text.OD_get_u8
                0x0000000008002fa8       0x2a ./CANopenNode/301/CO_SDOclient.o
 .text.OD_get_u32
                0x0000000008002fd2       0x2a ./CANopenNode/301/CO_SDOclient.o
 .text.CO_fifo_reset
                0x0000000008002ffc       0x28 ./CANopenNode/301/CO_SDOclient.o
 .text.CO_fifo_getOccupied
                0x0000000008003024       0x36 ./CANopenNode/301/CO_SDOclient.o
 .text.CO_SDOclient_receive
                0x000000000800305a       0x58 ./CANopenNode/301/CO_SDOclient.o
 .text.CO_SDOclient_init
                0x00000000080030b2      0x122 ./CANopenNode/301/CO_SDOclient.o
                0x00000000080030b2                CO_SDOclient_init
 .text.CO_SDOclient_setup
                0x00000000080031d4       0xe8 ./CANopenNode/301/CO_SDOclient.o
                0x00000000080031d4                CO_SDOclient_setup
 .text.CO_SDOclientDownloadInitiate
                0x00000000080032bc       0x7a ./CANopenNode/301/CO_SDOclient.o
                0x00000000080032bc                CO_SDOclientDownloadInitiate
 .text.CO_SDOclientDownloadBufWrite
                0x0000000008003336       0x38 ./CANopenNode/301/CO_SDOclient.o
                0x0000000008003336                CO_SDOclientDownloadBufWrite
 *fill*         0x000000000800336e        0x2 
 .text.CO_SDOclientDownload
                0x0000000008003370      0x528 ./CANopenNode/301/CO_SDOclient.o
                0x0000000008003370                CO_SDOclientDownload
 .text.CO_getUint8
                0x0000000008003898       0x1c ./CANopenNode/301/CO_SDOserver.o
 .text.CO_getUint32
                0x00000000080038b4       0x1c ./CANopenNode/301/CO_SDOserver.o
 .text.OD_getIndex
                0x00000000080038d0       0x22 ./CANopenNode/301/CO_SDOserver.o
 .text.OD_extension_init
                0x00000000080038f2       0x28 ./CANopenNode/301/CO_SDOserver.o
 .text.OD_get_u8
                0x000000000800391a       0x2a ./CANopenNode/301/CO_SDOserver.o
 .text.OD_get_u32
                0x0000000008003944       0x2a ./CANopenNode/301/CO_SDOserver.o
 .text.OD_set_u32
                0x000000000800396e       0x2a ./CANopenNode/301/CO_SDOserver.o
 .text.CO_SDO_receive
                0x0000000008003998       0x54 ./CANopenNode/301/CO_SDOserver.o
 .text.CO_SDOserver_init_canRxTx
                0x00000000080039ec       0xd8 ./CANopenNode/301/CO_SDOserver.o
 .text.OD_write_1201_additional
                0x0000000008003ac4      0x224 ./CANopenNode/301/CO_SDOserver.o
 .text.CO_SDOserver_init
                0x0000000008003ce8      0x228 ./CANopenNode/301/CO_SDOserver.o
                0x0000000008003ce8                CO_SDOserver_init
 .text.CO_getUint8
                0x0000000008003f10       0x1c ./CANopenNode/301/CO_SYNC.o
 .text.CO_getUint32
                0x0000000008003f2c       0x1c ./CANopenNode/301/CO_SYNC.o
 .text.OD_getIndex
                0x0000000008003f48       0x22 ./CANopenNode/301/CO_SYNC.o
 .text.OD_extension_init
                0x0000000008003f6a       0x28 ./CANopenNode/301/CO_SYNC.o
 .text.OD_get_u8
                0x0000000008003f92       0x2a ./CANopenNode/301/CO_SYNC.o
 .text.OD_get_u32
                0x0000000008003fbc       0x2a ./CANopenNode/301/CO_SYNC.o
 .text.CO_SYNCsend
                0x0000000008003fe6       0x64 ./CANopenNode/301/CO_SYNC.o
 .text.CO_SYNC_receive
                0x000000000800404a       0x8c ./CANopenNode/301/CO_SYNC.o
 *fill*         0x00000000080040d6        0x2 
 .text.OD_write_1005
                0x00000000080040d8      0x18c ./CANopenNode/301/CO_SYNC.o
 .text.OD_write_1019
                0x0000000008004264       0xbe ./CANopenNode/301/CO_SYNC.o
 *fill*         0x0000000008004322        0x2 
 .text.CO_SYNC_init
                0x0000000008004324      0x250 ./CANopenNode/301/CO_SYNC.o
                0x0000000008004324                CO_SYNC_init
 .text.CO_SYNC_process
                0x0000000008004574      0x1c0 ./CANopenNode/301/CO_SYNC.o
                0x0000000008004574                CO_SYNC_process
 .text.CO_getUint32
                0x0000000008004734       0x1c ./CANopenNode/301/CO_TIME.o
 .text.OD_getIndex
                0x0000000008004750       0x22 ./CANopenNode/301/CO_TIME.o
 .text.OD_extension_init
                0x0000000008004772       0x28 ./CANopenNode/301/CO_TIME.o
 .text.OD_get_u32
                0x000000000800479a       0x2a ./CANopenNode/301/CO_TIME.o
 .text.CO_TIME_receive
                0x00000000080047c4       0x3a ./CANopenNode/301/CO_TIME.o
 *fill*         0x00000000080047fe        0x2 
 .text.OD_write_1012
                0x0000000008004800       0xe4 ./CANopenNode/301/CO_TIME.o
 .text.CO_TIME_init
                0x00000000080048e4      0x100 ./CANopenNode/301/CO_TIME.o
                0x00000000080048e4                CO_TIME_init
 .text.CO_fifo_init
                0x00000000080049e4       0x44 ./CANopenNode/301/CO_fifo.o
                0x00000000080049e4                CO_fifo_init
 .text.CO_fifo_write
                0x0000000008004a28       0xb0 ./CANopenNode/301/CO_fifo.o
                0x0000000008004a28                CO_fifo_write
 .text.CO_fifo_read
                0x0000000008004ad8       0xb0 ./CANopenNode/301/CO_fifo.o
                0x0000000008004ad8                CO_fifo_read
 .text.CO_LEDs_init
                0x0000000008004b88       0x2e ./CANopenNode/303/CO_LEDs.o
                0x0000000008004b88                CO_LEDs_init
 *fill*         0x0000000008004bb6        0x2 
 .text.CO_LSSslave_receive
                0x0000000008004bb8      0x2c0 ./CANopenNode/305/CO_LSSslave.o
 .text.CO_LSSslave_init
                0x0000000008004e78       0xec ./CANopenNode/305/CO_LSSslave.o
                0x0000000008004e78                CO_LSSslave_init
 .text.CO_NMT_getInternalState
                0x0000000008004f64       0x24 ./CANopenNode/CANopen.o
 .text.CO_new   0x0000000008004f88      0x270 ./CANopenNode/CANopen.o
                0x0000000008004f88                CO_new
 .text.CO_delete
                0x00000000080051f8       0xc8 ./CANopenNode/CANopen.o
                0x00000000080051f8                CO_delete
 .text.CO_CANinit
                0x00000000080052c0       0x58 ./CANopenNode/CANopen.o
                0x00000000080052c0                CO_CANinit
 .text.CO_LSSinit
                0x0000000008005318       0x58 ./CANopenNode/CANopen.o
                0x0000000008005318                CO_LSSinit
 .text.CO_CANopenInit
                0x0000000008005370      0x314 ./CANopenNode/CANopen.o
                0x0000000008005370                CO_CANopenInit
 .text.CO_CANopenInitPDO
                0x0000000008005684      0x1b0 ./CANopenNode/CANopen.o
                0x0000000008005684                CO_CANopenInitPDO
 .text.CO_process_SYNC
                0x0000000008005834       0x80 ./CANopenNode/CANopen.o
                0x0000000008005834                CO_process_SYNC
 .text.CO_process_RPDO
                0x00000000080058b4       0x72 ./CANopenNode/CANopen.o
                0x00000000080058b4                CO_process_RPDO
 .text.CO_process_TPDO
                0x0000000008005926       0x72 ./CANopenNode/CANopen.o
                0x0000000008005926                CO_process_TPDO
 .text.HAL_TIM_PeriodElapsedCallback
                0x0000000008005998       0x24 ./Core/CANopenNode_STM32/CO_app_STM32.o
                0x0000000008005998                HAL_TIM_PeriodElapsedCallback
 .text.canopen_app_init
                0x00000000080059bc       0x68 ./Core/CANopenNode_STM32/CO_app_STM32.o
                0x00000000080059bc                canopen_app_init
 .text.canopen_app_resetCommunication
                0x0000000008005a24      0x23c ./Core/CANopenNode_STM32/CO_app_STM32.o
                0x0000000008005a24                canopen_app_resetCommunication
 .text.canopen_app_interrupt
                0x0000000008005c60       0x84 ./Core/CANopenNode_STM32/CO_app_STM32.o
                0x0000000008005c60                canopen_app_interrupt
 .text.CO_CANsetConfigurationMode
                0x0000000008005ce4       0x20 ./Core/CANopenNode_STM32/CO_driver_STM32.o
                0x0000000008005ce4                CO_CANsetConfigurationMode
 .text.CO_CANsetNormalMode
                0x0000000008005d04       0x30 ./Core/CANopenNode_STM32/CO_driver_STM32.o
                0x0000000008005d04                CO_CANsetNormalMode
 .text.CO_CANmodule_init
                0x0000000008005d34      0x178 ./Core/CANopenNode_STM32/CO_driver_STM32.o
                0x0000000008005d34                CO_CANmodule_init
 .text.CO_CANmodule_disable
                0x0000000008005eac       0x2a ./Core/CANopenNode_STM32/CO_driver_STM32.o
                0x0000000008005eac                CO_CANmodule_disable
 *fill*         0x0000000008005ed6        0x2 
 .text.CO_CANrxBufferInit
                0x0000000008005ed8       0xb8 ./Core/CANopenNode_STM32/CO_driver_STM32.o
                0x0000000008005ed8                CO_CANrxBufferInit
 .text.CO_CANtxBufferInit
                0x0000000008005f90       0x74 ./Core/CANopenNode_STM32/CO_driver_STM32.o
                0x0000000008005f90                CO_CANtxBufferInit
 .text.prv_send_can_message
                0x0000000008006004       0x80 ./Core/CANopenNode_STM32/CO_driver_STM32.o
 .text.CO_CANsend
                0x0000000008006084       0x86 ./Core/CANopenNode_STM32/CO_driver_STM32.o
                0x0000000008006084                CO_CANsend
 .text.CO_CANclearPendingSyncPDOs
                0x000000000800610a       0xcc ./Core/CANopenNode_STM32/CO_driver_STM32.o
                0x000000000800610a                CO_CANclearPendingSyncPDOs
 *fill*         0x00000000080061d6        0x2 
 .text.prv_read_can_received_msg
                0x00000000080061d8       0xd8 ./Core/CANopenNode_STM32/CO_driver_STM32.o
 .text.HAL_CAN_RxFifo0MsgPendingCallback
                0x00000000080062b0       0x1a ./Core/CANopenNode_STM32/CO_driver_STM32.o
                0x00000000080062b0                HAL_CAN_RxFifo0MsgPendingCallback
 .text.HAL_CAN_RxFifo1MsgPendingCallback
                0x00000000080062ca       0x1a ./Core/CANopenNode_STM32/CO_driver_STM32.o
                0x00000000080062ca                HAL_CAN_RxFifo1MsgPendingCallback
 .text.CO_CANinterrupt_TX
                0x00000000080062e4       0xc0 ./Core/CANopenNode_STM32/CO_driver_STM32.o
                0x00000000080062e4                CO_CANinterrupt_TX
 .text.HAL_CAN_TxMailbox0CompleteCallback
                0x00000000080063a4       0x18 ./Core/CANopenNode_STM32/CO_driver_STM32.o
                0x00000000080063a4                HAL_CAN_TxMailbox0CompleteCallback
 .text.HAL_CAN_TxMailbox1CompleteCallback
                0x00000000080063bc       0x18 ./Core/CANopenNode_STM32/CO_driver_STM32.o
                0x00000000080063bc                HAL_CAN_TxMailbox1CompleteCallback
 .text.HAL_CAN_TxMailbox2CompleteCallback
                0x00000000080063d4       0x18 ./Core/CANopenNode_STM32/CO_driver_STM32.o
                0x00000000080063d4                HAL_CAN_TxMailbox2CompleteCallback
 .text.write_SDO
                0x00000000080063ec       0xd4 ./Core/Src/main.o
                0x00000000080063ec                write_SDO
 .text.main     0x00000000080064c0      0x57c ./Core/Src/main.o
                0x00000000080064c0                main
 .text.SystemClock_Config
                0x0000000008006a3c       0xb8 ./Core/Src/main.o
                0x0000000008006a3c                SystemClock_Config
 .text.MX_CAN1_Init
                0x0000000008006af4       0x6c ./Core/Src/main.o
 .text.MX_CAN2_Init
                0x0000000008006b60       0x6c ./Core/Src/main.o
 .text.MX_TIM14_Init
                0x0000000008006bcc       0x48 ./Core/Src/main.o
 .text.MX_GPIO_Init
                0x0000000008006c14       0x60 ./Core/Src/main.o
 .text.MPU_Config
                0x0000000008006c74       0x58 ./Core/Src/main.o
 .text.Error_Handler
                0x0000000008006ccc        0xa ./Core/Src/main.o
                0x0000000008006ccc                Error_Handler
 *fill*         0x0000000008006cd6        0x2 
 .text.HAL_MspInit
                0x0000000008006cd8       0x54 ./Core/Src/stm32f7xx_hal_msp.o
                0x0000000008006cd8                HAL_MspInit
 .text.HAL_CAN_MspInit
                0x0000000008006d2c      0x1b0 ./Core/Src/stm32f7xx_hal_msp.o
                0x0000000008006d2c                HAL_CAN_MspInit
 .text.HAL_TIM_Base_MspInit
                0x0000000008006edc       0x4c ./Core/Src/stm32f7xx_hal_msp.o
                0x0000000008006edc                HAL_TIM_Base_MspInit
 .text.NMI_Handler
                0x0000000008006f28        0x6 ./Core/Src/stm32f7xx_it.o
                0x0000000008006f28                NMI_Handler
 .text.HardFault_Handler
                0x0000000008006f2e        0x6 ./Core/Src/stm32f7xx_it.o
                0x0000000008006f2e                HardFault_Handler
 .text.MemManage_Handler
                0x0000000008006f34        0x6 ./Core/Src/stm32f7xx_it.o
                0x0000000008006f34                MemManage_Handler
 .text.BusFault_Handler
                0x0000000008006f3a        0x6 ./Core/Src/stm32f7xx_it.o
                0x0000000008006f3a                BusFault_Handler
 .text.UsageFault_Handler
                0x0000000008006f40        0x6 ./Core/Src/stm32f7xx_it.o
                0x0000000008006f40                UsageFault_Handler
 .text.SVC_Handler
                0x0000000008006f46        0xe ./Core/Src/stm32f7xx_it.o
                0x0000000008006f46                SVC_Handler
 .text.DebugMon_Handler
                0x0000000008006f54        0xe ./Core/Src/stm32f7xx_it.o
                0x0000000008006f54                DebugMon_Handler
 .text.PendSV_Handler
                0x0000000008006f62        0xe ./Core/Src/stm32f7xx_it.o
                0x0000000008006f62                PendSV_Handler
 .text.SysTick_Handler
                0x0000000008006f70        0xc ./Core/Src/stm32f7xx_it.o
                0x0000000008006f70                SysTick_Handler
 .text.RCC_IRQHandler
                0x0000000008006f7c        0xe ./Core/Src/stm32f7xx_it.o
                0x0000000008006f7c                RCC_IRQHandler
 *fill*         0x0000000008006f8a        0x2 
 .text.CAN1_TX_IRQHandler
                0x0000000008006f8c       0x14 ./Core/Src/stm32f7xx_it.o
                0x0000000008006f8c                CAN1_TX_IRQHandler
 .text.CAN1_RX0_IRQHandler
                0x0000000008006fa0       0x14 ./Core/Src/stm32f7xx_it.o
                0x0000000008006fa0                CAN1_RX0_IRQHandler
 .text.CAN1_RX1_IRQHandler
                0x0000000008006fb4       0x14 ./Core/Src/stm32f7xx_it.o
                0x0000000008006fb4                CAN1_RX1_IRQHandler
 .text.CAN1_SCE_IRQHandler
                0x0000000008006fc8       0x14 ./Core/Src/stm32f7xx_it.o
                0x0000000008006fc8                CAN1_SCE_IRQHandler
 .text.TIM8_TRG_COM_TIM14_IRQHandler
                0x0000000008006fdc       0x14 ./Core/Src/stm32f7xx_it.o
                0x0000000008006fdc                TIM8_TRG_COM_TIM14_IRQHandler
 .text.CAN2_TX_IRQHandler
                0x0000000008006ff0       0x14 ./Core/Src/stm32f7xx_it.o
                0x0000000008006ff0                CAN2_TX_IRQHandler
 .text.CAN2_RX0_IRQHandler
                0x0000000008007004       0x14 ./Core/Src/stm32f7xx_it.o
                0x0000000008007004                CAN2_RX0_IRQHandler
 .text.CAN2_RX1_IRQHandler
                0x0000000008007018       0x14 ./Core/Src/stm32f7xx_it.o
                0x0000000008007018                CAN2_RX1_IRQHandler
 .text.CAN2_SCE_IRQHandler
                0x000000000800702c       0x14 ./Core/Src/stm32f7xx_it.o
                0x000000000800702c                CAN2_SCE_IRQHandler
 .text._read    0x0000000008007040       0x3a ./Core/Src/syscalls.o
                0x0000000008007040                _read
 .text._write   0x000000000800707a       0x38 ./Core/Src/syscalls.o
                0x000000000800707a                _write
 .text._close   0x00000000080070b2       0x18 ./Core/Src/syscalls.o
                0x00000000080070b2                _close
 .text._fstat   0x00000000080070ca       0x20 ./Core/Src/syscalls.o
                0x00000000080070ca                _fstat
 .text._isatty  0x00000000080070ea       0x16 ./Core/Src/syscalls.o
                0x00000000080070ea                _isatty
 .text._lseek   0x0000000008007100       0x1a ./Core/Src/syscalls.o
                0x0000000008007100                _lseek
 *fill*         0x000000000800711a        0x2 
 .text._sbrk    0x000000000800711c       0x6c ./Core/Src/sysmem.o
                0x000000000800711c                _sbrk
 .text.SystemInit
                0x0000000008007188       0x24 ./Core/Src/system_stm32f7xx.o
                0x0000000008007188                SystemInit
 .text.Reset_Handler
                0x00000000080071ac       0x50 ./Core/Startup/startup_stm32f767vitx.o
                0x00000000080071ac                Reset_Handler
 .text.Default_Handler
                0x00000000080071fc        0x2 ./Core/Startup/startup_stm32f767vitx.o
                0x00000000080071fc                RTC_Alarm_IRQHandler
                0x00000000080071fc                EXTI2_IRQHandler
                0x00000000080071fc                TIM8_CC_IRQHandler
                0x00000000080071fc                UART8_IRQHandler
                0x00000000080071fc                SPI4_IRQHandler
                0x00000000080071fc                TIM1_CC_IRQHandler
                0x00000000080071fc                DMA2_Stream5_IRQHandler
                0x00000000080071fc                JPEG_IRQHandler
                0x00000000080071fc                DMA1_Stream5_IRQHandler
                0x00000000080071fc                CAN3_RX1_IRQHandler
                0x00000000080071fc                PVD_IRQHandler
                0x00000000080071fc                TAMP_STAMP_IRQHandler
                0x00000000080071fc                EXTI3_IRQHandler
                0x00000000080071fc                DFSDM1_FLT1_IRQHandler
                0x00000000080071fc                TIM1_UP_TIM10_IRQHandler
                0x00000000080071fc                TIM8_UP_TIM13_IRQHandler
                0x00000000080071fc                I2C3_ER_IRQHandler
                0x00000000080071fc                DFSDM1_FLT2_IRQHandler
                0x00000000080071fc                EXTI0_IRQHandler
                0x00000000080071fc                I2C2_EV_IRQHandler
                0x00000000080071fc                DMA1_Stream2_IRQHandler
                0x00000000080071fc                FPU_IRQHandler
                0x00000000080071fc                OTG_HS_WKUP_IRQHandler
                0x00000000080071fc                CAN3_SCE_IRQHandler
                0x00000000080071fc                LTDC_ER_IRQHandler
                0x00000000080071fc                DMA2_Stream2_IRQHandler
                0x00000000080071fc                SPI1_IRQHandler
                0x00000000080071fc                TIM6_DAC_IRQHandler
                0x00000000080071fc                TIM1_BRK_TIM9_IRQHandler
                0x00000000080071fc                DCMI_IRQHandler
                0x00000000080071fc                DMA2_Stream3_IRQHandler
                0x00000000080071fc                SAI2_IRQHandler
                0x00000000080071fc                DFSDM1_FLT3_IRQHandler
                0x00000000080071fc                USART6_IRQHandler
                0x00000000080071fc                CAN3_RX0_IRQHandler
                0x00000000080071fc                USART3_IRQHandler
                0x00000000080071fc                UART5_IRQHandler
                0x00000000080071fc                DMA2_Stream0_IRQHandler
                0x00000000080071fc                TIM4_IRQHandler
                0x00000000080071fc                QUADSPI_IRQHandler
                0x00000000080071fc                I2C1_EV_IRQHandler
                0x00000000080071fc                DMA1_Stream6_IRQHandler
                0x00000000080071fc                DMA1_Stream1_IRQHandler
                0x00000000080071fc                UART4_IRQHandler
                0x00000000080071fc                TIM3_IRQHandler
                0x00000000080071fc                TIM8_BRK_TIM12_IRQHandler
                0x00000000080071fc                Default_Handler
                0x00000000080071fc                CEC_IRQHandler
                0x00000000080071fc                EXTI15_10_IRQHandler
                0x00000000080071fc                ADC_IRQHandler
                0x00000000080071fc                DMA1_Stream7_IRQHandler
                0x00000000080071fc                SPI5_IRQHandler
                0x00000000080071fc                TIM7_IRQHandler
                0x00000000080071fc                SDMMC1_IRQHandler
                0x00000000080071fc                TIM5_IRQHandler
                0x00000000080071fc                DMA2_Stream7_IRQHandler
                0x00000000080071fc                I2C3_EV_IRQHandler
                0x00000000080071fc                EXTI9_5_IRQHandler
                0x00000000080071fc                RTC_WKUP_IRQHandler
                0x00000000080071fc                LTDC_IRQHandler
                0x00000000080071fc                ETH_WKUP_IRQHandler
                0x00000000080071fc                SPDIF_RX_IRQHandler
                0x00000000080071fc                SPI2_IRQHandler
                0x00000000080071fc                OTG_HS_EP1_IN_IRQHandler
                0x00000000080071fc                DMA1_Stream0_IRQHandler
                0x00000000080071fc                EXTI4_IRQHandler
                0x00000000080071fc                RNG_IRQHandler
                0x00000000080071fc                ETH_IRQHandler
                0x00000000080071fc                OTG_HS_EP1_OUT_IRQHandler
                0x00000000080071fc                WWDG_IRQHandler
                0x00000000080071fc                SPI6_IRQHandler
                0x00000000080071fc                MDIOS_IRQHandler
                0x00000000080071fc                I2C4_EV_IRQHandler
                0x00000000080071fc                CAN3_TX_IRQHandler
                0x00000000080071fc                TIM2_IRQHandler
                0x00000000080071fc                OTG_FS_WKUP_IRQHandler
                0x00000000080071fc                TIM1_TRG_COM_TIM11_IRQHandler
                0x00000000080071fc                OTG_HS_IRQHandler
                0x00000000080071fc                DMA2D_IRQHandler
                0x00000000080071fc                EXTI1_IRQHandler
                0x00000000080071fc                SDMMC2_IRQHandler
                0x00000000080071fc                UART7_IRQHandler
                0x00000000080071fc                USART2_IRQHandler
                0x00000000080071fc                DFSDM1_FLT0_IRQHandler
                0x00000000080071fc                I2C2_ER_IRQHandler
                0x00000000080071fc                DMA2_Stream1_IRQHandler
                0x00000000080071fc                FLASH_IRQHandler
                0x00000000080071fc                DMA2_Stream4_IRQHandler
                0x00000000080071fc                USART1_IRQHandler
                0x00000000080071fc                OTG_FS_IRQHandler
                0x00000000080071fc                SPI3_IRQHandler
                0x00000000080071fc                DMA1_Stream4_IRQHandler
                0x00000000080071fc                I2C1_ER_IRQHandler
                0x00000000080071fc                FMC_IRQHandler
                0x00000000080071fc                LPTIM1_IRQHandler
                0x00000000080071fc                I2C4_ER_IRQHandler
                0x00000000080071fc                DMA2_Stream6_IRQHandler
                0x00000000080071fc                SAI1_IRQHandler
                0x00000000080071fc                DMA1_Stream3_IRQHandler
 .text.HAL_Init
                0x00000000080071fe       0x1a ./Drivers/STM32F7xx_HAL_Driver/Src/stm32f7xx_hal.o
                0x00000000080071fe                HAL_Init
 .text.HAL_InitTick
                0x0000000008007218       0x60 ./Drivers/STM32F7xx_HAL_Driver/Src/stm32f7xx_hal.o
                0x0000000008007218                HAL_InitTick
 .text.HAL_IncTick
                0x0000000008007278       0x28 ./Drivers/STM32F7xx_HAL_Driver/Src/stm32f7xx_hal.o
                0x0000000008007278                HAL_IncTick
 .text.HAL_GetTick
                0x00000000080072a0       0x18 ./Drivers/STM32F7xx_HAL_Driver/Src/stm32f7xx_hal.o
                0x00000000080072a0                HAL_GetTick
 .text.HAL_Delay
                0x00000000080072b8       0x48 ./Drivers/STM32F7xx_HAL_Driver/Src/stm32f7xx_hal.o
                0x00000000080072b8                HAL_Delay
 .text.HAL_CAN_Init
                0x0000000008007300      0x1f6 ./Drivers/STM32F7xx_HAL_Driver/Src/stm32f7xx_hal_can.o
                0x0000000008007300                HAL_CAN_Init
 *fill*         0x00000000080074f6        0x2 
 .text.HAL_CAN_ConfigFilter
                0x00000000080074f8      0x1d8 ./Drivers/STM32F7xx_HAL_Driver/Src/stm32f7xx_hal_can.o
                0x00000000080074f8                HAL_CAN_ConfigFilter
 .text.HAL_CAN_Start
                0x00000000080076d0       0x88 ./Drivers/STM32F7xx_HAL_Driver/Src/stm32f7xx_hal_can.o
                0x00000000080076d0                HAL_CAN_Start
 .text.HAL_CAN_Stop
                0x0000000008007758       0x92 ./Drivers/STM32F7xx_HAL_Driver/Src/stm32f7xx_hal_can.o
                0x0000000008007758                HAL_CAN_Stop
 .text.HAL_CAN_AddTxMessage
                0x00000000080077ea      0x1a0 ./Drivers/STM32F7xx_HAL_Driver/Src/stm32f7xx_hal_can.o
                0x00000000080077ea                HAL_CAN_AddTxMessage
 .text.HAL_CAN_GetTxMailboxesFreeLevel
                0x000000000800798a       0x6a ./Drivers/STM32F7xx_HAL_Driver/Src/stm32f7xx_hal_can.o
                0x000000000800798a                HAL_CAN_GetTxMailboxesFreeLevel
 .text.HAL_CAN_GetRxMessage
                0x00000000080079f4      0x244 ./Drivers/STM32F7xx_HAL_Driver/Src/stm32f7xx_hal_can.o
                0x00000000080079f4                HAL_CAN_GetRxMessage
 .text.HAL_CAN_ActivateNotification
                0x0000000008007c38       0x4c ./Drivers/STM32F7xx_HAL_Driver/Src/stm32f7xx_hal_can.o
                0x0000000008007c38                HAL_CAN_ActivateNotification
 .text.HAL_CAN_IRQHandler
                0x0000000008007c84      0x36e ./Drivers/STM32F7xx_HAL_Driver/Src/stm32f7xx_hal_can.o
                0x0000000008007c84                HAL_CAN_IRQHandler
 .text.HAL_CAN_TxMailbox0AbortCallback
                0x0000000008007ff2       0x14 ./Drivers/STM32F7xx_HAL_Driver/Src/stm32f7xx_hal_can.o
                0x0000000008007ff2                HAL_CAN_TxMailbox0AbortCallback
 .text.HAL_CAN_TxMailbox1AbortCallback
                0x0000000008008006       0x14 ./Drivers/STM32F7xx_HAL_Driver/Src/stm32f7xx_hal_can.o
                0x0000000008008006                HAL_CAN_TxMailbox1AbortCallback
 .text.HAL_CAN_TxMailbox2AbortCallback
                0x000000000800801a       0x14 ./Drivers/STM32F7xx_HAL_Driver/Src/stm32f7xx_hal_can.o
                0x000000000800801a                HAL_CAN_TxMailbox2AbortCallback
 .text.HAL_CAN_RxFifo0FullCallback
                0x000000000800802e       0x14 ./Drivers/STM32F7xx_HAL_Driver/Src/stm32f7xx_hal_can.o
                0x000000000800802e                HAL_CAN_RxFifo0FullCallback
 .text.HAL_CAN_RxFifo1FullCallback
                0x0000000008008042       0x14 ./Drivers/STM32F7xx_HAL_Driver/Src/stm32f7xx_hal_can.o
                0x0000000008008042                HAL_CAN_RxFifo1FullCallback
 .text.HAL_CAN_SleepCallback
                0x0000000008008056       0x14 ./Drivers/STM32F7xx_HAL_Driver/Src/stm32f7xx_hal_can.o
                0x0000000008008056                HAL_CAN_SleepCallback
 .text.HAL_CAN_WakeUpFromRxMsgCallback
                0x000000000800806a       0x14 ./Drivers/STM32F7xx_HAL_Driver/Src/stm32f7xx_hal_can.o
                0x000000000800806a                HAL_CAN_WakeUpFromRxMsgCallback
 .text.HAL_CAN_ErrorCallback
                0x000000000800807e       0x14 ./Drivers/STM32F7xx_HAL_Driver/Src/stm32f7xx_hal_can.o
                0x000000000800807e                HAL_CAN_ErrorCallback
 *fill*         0x0000000008008092        0x2 
 .text.__NVIC_SetPriorityGrouping
                0x0000000008008094       0x48 ./Drivers/STM32F7xx_HAL_Driver/Src/stm32f7xx_hal_cortex.o
 .text.__NVIC_GetPriorityGrouping
                0x00000000080080dc       0x1c ./Drivers/STM32F7xx_HAL_Driver/Src/stm32f7xx_hal_cortex.o
 .text.__NVIC_EnableIRQ
                0x00000000080080f8       0x3c ./Drivers/STM32F7xx_HAL_Driver/Src/stm32f7xx_hal_cortex.o
 .text.__NVIC_SetPriority
                0x0000000008008134       0x54 ./Drivers/STM32F7xx_HAL_Driver/Src/stm32f7xx_hal_cortex.o
 .text.NVIC_EncodePriority
                0x0000000008008188       0x66 ./Drivers/STM32F7xx_HAL_Driver/Src/stm32f7xx_hal_cortex.o
 *fill*         0x00000000080081ee        0x2 
 .text.SysTick_Config
                0x00000000080081f0       0x44 ./Drivers/STM32F7xx_HAL_Driver/Src/stm32f7xx_hal_cortex.o
 .text.HAL_NVIC_SetPriorityGrouping
                0x0000000008008234       0x16 ./Drivers/STM32F7xx_HAL_Driver/Src/stm32f7xx_hal_cortex.o
                0x0000000008008234                HAL_NVIC_SetPriorityGrouping
 .text.HAL_NVIC_SetPriority
                0x000000000800824a       0x38 ./Drivers/STM32F7xx_HAL_Driver/Src/stm32f7xx_hal_cortex.o
                0x000000000800824a                HAL_NVIC_SetPriority
 .text.HAL_NVIC_EnableIRQ
                0x0000000008008282       0x1c ./Drivers/STM32F7xx_HAL_Driver/Src/stm32f7xx_hal_cortex.o
                0x0000000008008282                HAL_NVIC_EnableIRQ
 .text.HAL_SYSTICK_Config
                0x000000000800829e       0x18 ./Drivers/STM32F7xx_HAL_Driver/Src/stm32f7xx_hal_cortex.o
                0x000000000800829e                HAL_SYSTICK_Config
 *fill*         0x00000000080082b6        0x2 
 .text.HAL_MPU_Disable
                0x00000000080082b8       0x30 ./Drivers/STM32F7xx_HAL_Driver/Src/stm32f7xx_hal_cortex.o
                0x00000000080082b8                HAL_MPU_Disable
 .text.HAL_MPU_Enable
                0x00000000080082e8       0x40 ./Drivers/STM32F7xx_HAL_Driver/Src/stm32f7xx_hal_cortex.o
                0x00000000080082e8                HAL_MPU_Enable
 .text.HAL_MPU_ConfigRegion
                0x0000000008008328       0x80 ./Drivers/STM32F7xx_HAL_Driver/Src/stm32f7xx_hal_cortex.o
                0x0000000008008328                HAL_MPU_ConfigRegion
 .text.HAL_GPIO_Init
                0x00000000080083a8      0x358 ./Drivers/STM32F7xx_HAL_Driver/Src/stm32f7xx_hal_gpio.o
                0x00000000080083a8                HAL_GPIO_Init
 .text.HAL_RCC_OscConfig
                0x0000000008008700      0x55c ./Drivers/STM32F7xx_HAL_Driver/Src/stm32f7xx_hal_rcc.o
                0x0000000008008700                HAL_RCC_OscConfig
 .text.HAL_RCC_ClockConfig
                0x0000000008008c5c      0x1d8 ./Drivers/STM32F7xx_HAL_Driver/Src/stm32f7xx_hal_rcc.o
                0x0000000008008c5c                HAL_RCC_ClockConfig
 .text.HAL_RCC_GetSysClockFreq
                0x0000000008008e34      0x18c ./Drivers/STM32F7xx_HAL_Driver/Src/stm32f7xx_hal_rcc.o
                0x0000000008008e34                HAL_RCC_GetSysClockFreq
 .text.HAL_TIM_Base_Init
                0x0000000008008fc0       0xae ./Drivers/STM32F7xx_HAL_Driver/Src/stm32f7xx_hal_tim.o
                0x0000000008008fc0                HAL_TIM_Base_Init
 *fill*         0x000000000800906e        0x2 
 .text.HAL_TIM_Base_Start_IT
                0x0000000008009070       0xf0 ./Drivers/STM32F7xx_HAL_Driver/Src/stm32f7xx_hal_tim.o
                0x0000000008009070                HAL_TIM_Base_Start_IT
 .text.HAL_TIM_IRQHandler
                0x0000000008009160      0x20e ./Drivers/STM32F7xx_HAL_Driver/Src/stm32f7xx_hal_tim.o
                0x0000000008009160                HAL_TIM_IRQHandler
 .text.HAL_TIM_OC_DelayElapsedCallback
                0x000000000800936e       0x14 ./Drivers/STM32F7xx_HAL_Driver/Src/stm32f7xx_hal_tim.o
                0x000000000800936e                HAL_TIM_OC_DelayElapsedCallback
 .text.HAL_TIM_IC_CaptureCallback
                0x0000000008009382       0x14 ./Drivers/STM32F7xx_HAL_Driver/Src/stm32f7xx_hal_tim.o
                0x0000000008009382                HAL_TIM_IC_CaptureCallback
 .text.HAL_TIM_PWM_PulseFinishedCallback
                0x0000000008009396       0x14 ./Drivers/STM32F7xx_HAL_Driver/Src/stm32f7xx_hal_tim.o
                0x0000000008009396                HAL_TIM_PWM_PulseFinishedCallback
 .text.HAL_TIM_TriggerCallback
                0x00000000080093aa       0x14 ./Drivers/STM32F7xx_HAL_Driver/Src/stm32f7xx_hal_tim.o
                0x00000000080093aa                HAL_TIM_TriggerCallback
 *fill*         0x00000000080093be        0x2 
 .text.TIM_Base_SetConfig
                0x00000000080093c0      0x158 ./Drivers/STM32F7xx_HAL_Driver/Src/stm32f7xx_hal_tim.o
                0x00000000080093c0                TIM_Base_SetConfig
 .text.HAL_TIMEx_CommutCallback
                0x0000000008009518       0x14 ./Drivers/STM32F7xx_HAL_Driver/Src/stm32f7xx_hal_tim_ex.o
                0x0000000008009518                HAL_TIMEx_CommutCallback
 .text.HAL_TIMEx_BreakCallback
                0x000000000800952c       0x14 ./Drivers/STM32F7xx_HAL_Driver/Src/stm32f7xx_hal_tim_ex.o
                0x000000000800952c                HAL_TIMEx_BreakCallback
 .text.HAL_TIMEx_Break2Callback
                0x0000000008009540       0x14 ./Drivers/STM32F7xx_HAL_Driver/Src/stm32f7xx_hal_tim_ex.o
                0x0000000008009540                HAL_TIMEx_Break2Callback
 .text.calloc   0x0000000008009554       0x10 C:/ST/STM32CubeIDE_1.13.0/STM32CubeIDE/plugins/com.st.stm32cube.ide.mcu.externaltools.gnu-tools-for-stm32.11.3.rel1.win32_1.1.0.202305231506/tools/bin/../lib/gcc/arm-none-eabi/11.3.1/../../../../arm-none-eabi/lib/thumb/v7e-m+dp/hard\libc_nano.a(libc_a-calloc.o)
                0x0000000008009554                calloc
 .text._calloc_r
                0x0000000008009564       0x2c C:/ST/STM32CubeIDE_1.13.0/STM32CubeIDE/plugins/com.st.stm32cube.ide.mcu.externaltools.gnu-tools-for-stm32.11.3.rel1.win32_1.1.0.202305231506/tools/bin/../lib/gcc/arm-none-eabi/11.3.1/../../../../arm-none-eabi/lib/thumb/v7e-m+dp/hard\libc_nano.a(libc_a-callocr.o)
                0x0000000008009564                _calloc_r
 .text.free     0x0000000008009590       0x10 C:/ST/STM32CubeIDE_1.13.0/STM32CubeIDE/plugins/com.st.stm32cube.ide.mcu.externaltools.gnu-tools-for-stm32.11.3.rel1.win32_1.1.0.202305231506/tools/bin/../lib/gcc/arm-none-eabi/11.3.1/../../../../arm-none-eabi/lib/thumb/v7e-m+dp/hard\libc_nano.a(libc_a-malloc.o)
                0x0000000008009590                free
 .text.sbrk_aligned
                0x00000000080095a0       0x40 C:/ST/STM32CubeIDE_1.13.0/STM32CubeIDE/plugins/com.st.stm32cube.ide.mcu.externaltools.gnu-tools-for-stm32.11.3.rel1.win32_1.1.0.202305231506/tools/bin/../lib/gcc/arm-none-eabi/11.3.1/../../../../arm-none-eabi/lib/thumb/v7e-m+dp/hard\libc_nano.a(libc_a-mallocr.o)
 .text._malloc_r
                0x00000000080095e0      0x100 C:/ST/STM32CubeIDE_1.13.0/STM32CubeIDE/plugins/com.st.stm32cube.ide.mcu.externaltools.gnu-tools-for-stm32.11.3.rel1.win32_1.1.0.202305231506/tools/bin/../lib/gcc/arm-none-eabi/11.3.1/../../../../arm-none-eabi/lib/thumb/v7e-m+dp/hard\libc_nano.a(libc_a-mallocr.o)
                0x00000000080095e0                _malloc_r
 .text.__malloc_lock
                0x00000000080096e0        0xc C:/ST/STM32CubeIDE_1.13.0/STM32CubeIDE/plugins/com.st.stm32cube.ide.mcu.externaltools.gnu-tools-for-stm32.11.3.rel1.win32_1.1.0.202305231506/tools/bin/../lib/gcc/arm-none-eabi/11.3.1/../../../../arm-none-eabi/lib/thumb/v7e-m+dp/hard\libc_nano.a(libc_a-mlock.o)
                0x00000000080096e0                __malloc_lock
 .text.__malloc_unlock
                0x00000000080096ec        0xc C:/ST/STM32CubeIDE_1.13.0/STM32CubeIDE/plugins/com.st.stm32cube.ide.mcu.externaltools.gnu-tools-for-stm32.11.3.rel1.win32_1.1.0.202305231506/tools/bin/../lib/gcc/arm-none-eabi/11.3.1/../../../../arm-none-eabi/lib/thumb/v7e-m+dp/hard\libc_nano.a(libc_a-mlock.o)
                0x00000000080096ec                __malloc_unlock
 .text.__sflush_r
                0x00000000080096f8      0x10c C:/ST/STM32CubeIDE_1.13.0/STM32CubeIDE/plugins/com.st.stm32cube.ide.mcu.externaltools.gnu-tools-for-stm32.11.3.rel1.win32_1.1.0.202305231506/tools/bin/../lib/gcc/arm-none-eabi/11.3.1/../../../../arm-none-eabi/lib/thumb/v7e-m+dp/hard\libc_nano.a(libc_a-fflush.o)
                0x00000000080096f8                __sflush_r
 .text._fflush_r
                0x0000000008009804       0x50 C:/ST/STM32CubeIDE_1.13.0/STM32CubeIDE/plugins/com.st.stm32cube.ide.mcu.externaltools.gnu-tools-for-stm32.11.3.rel1.win32_1.1.0.202305231506/tools/bin/../lib/gcc/arm-none-eabi/11.3.1/../../../../arm-none-eabi/lib/thumb/v7e-m+dp/hard\libc_nano.a(libc_a-fflush.o)
                0x0000000008009804                _fflush_r
 .text.fflush   0x0000000008009854       0x28 C:/ST/STM32CubeIDE_1.13.0/STM32CubeIDE/plugins/com.st.stm32cube.ide.mcu.externaltools.gnu-tools-for-stm32.11.3.rel1.win32_1.1.0.202305231506/tools/bin/../lib/gcc/arm-none-eabi/11.3.1/../../../../arm-none-eabi/lib/thumb/v7e-m+dp/hard\libc_nano.a(libc_a-fflush.o)
                0x0000000008009854                fflush
 .text.std      0x000000000800987c       0x48 C:/ST/STM32CubeIDE_1.13.0/STM32CubeIDE/plugins/com.st.stm32cube.ide.mcu.externaltools.gnu-tools-for-stm32.11.3.rel1.win32_1.1.0.202305231506/tools/bin/../lib/gcc/arm-none-eabi/11.3.1/../../../../arm-none-eabi/lib/thumb/v7e-m+dp/hard\libc_nano.a(libc_a-findfp.o)
 .text.stdio_exit_handler
                0x00000000080098c4       0x18 C:/ST/STM32CubeIDE_1.13.0/STM32CubeIDE/plugins/com.st.stm32cube.ide.mcu.externaltools.gnu-tools-for-stm32.11.3.rel1.win32_1.1.0.202305231506/tools/bin/../lib/gcc/arm-none-eabi/11.3.1/../../../../arm-none-eabi/lib/thumb/v7e-m+dp/hard\libc_nano.a(libc_a-findfp.o)
 .text.cleanup_stdio
                0x00000000080098dc       0x40 C:/ST/STM32CubeIDE_1.13.0/STM32CubeIDE/plugins/com.st.stm32cube.ide.mcu.externaltools.gnu-tools-for-stm32.11.3.rel1.win32_1.1.0.202305231506/tools/bin/../lib/gcc/arm-none-eabi/11.3.1/../../../../arm-none-eabi/lib/thumb/v7e-m+dp/hard\libc_nano.a(libc_a-findfp.o)
 .text.global_stdio_init.part.0
                0x000000000800991c       0x3c C:/ST/STM32CubeIDE_1.13.0/STM32CubeIDE/plugins/com.st.stm32cube.ide.mcu.externaltools.gnu-tools-for-stm32.11.3.rel1.win32_1.1.0.202305231506/tools/bin/../lib/gcc/arm-none-eabi/11.3.1/../../../../arm-none-eabi/lib/thumb/v7e-m+dp/hard\libc_nano.a(libc_a-findfp.o)
 .text.__sfp_lock_acquire
                0x0000000008009958        0xc C:/ST/STM32CubeIDE_1.13.0/STM32CubeIDE/plugins/com.st.stm32cube.ide.mcu.externaltools.gnu-tools-for-stm32.11.3.rel1.win32_1.1.0.202305231506/tools/bin/../lib/gcc/arm-none-eabi/11.3.1/../../../../arm-none-eabi/lib/thumb/v7e-m+dp/hard\libc_nano.a(libc_a-findfp.o)
                0x0000000008009958                __sfp_lock_acquire
 .text.__sfp_lock_release
                0x0000000008009964        0xc C:/ST/STM32CubeIDE_1.13.0/STM32CubeIDE/plugins/com.st.stm32cube.ide.mcu.externaltools.gnu-tools-for-stm32.11.3.rel1.win32_1.1.0.202305231506/tools/bin/../lib/gcc/arm-none-eabi/11.3.1/../../../../arm-none-eabi/lib/thumb/v7e-m+dp/hard\libc_nano.a(libc_a-findfp.o)
                0x0000000008009964                __sfp_lock_release
 .text.__sinit  0x0000000008009970       0x30 C:/ST/STM32CubeIDE_1.13.0/STM32CubeIDE/plugins/com.st.stm32cube.ide.mcu.externaltools.gnu-tools-for-stm32.11.3.rel1.win32_1.1.0.202305231506/tools/bin/../lib/gcc/arm-none-eabi/11.3.1/../../../../arm-none-eabi/lib/thumb/v7e-m+dp/hard\libc_nano.a(libc_a-findfp.o)
                0x0000000008009970                __sinit
 .text._fwalk_sglue
                0x00000000080099a0       0x3c C:/ST/STM32CubeIDE_1.13.0/STM32CubeIDE/plugins/com.st.stm32cube.ide.mcu.externaltools.gnu-tools-for-stm32.11.3.rel1.win32_1.1.0.202305231506/tools/bin/../lib/gcc/arm-none-eabi/11.3.1/../../../../arm-none-eabi/lib/thumb/v7e-m+dp/hard\libc_nano.a(libc_a-fwalk.o)
                0x00000000080099a0                _fwalk_sglue
 .text.printf   0x00000000080099dc       0x24 C:/ST/STM32CubeIDE_1.13.0/STM32CubeIDE/plugins/com.st.stm32cube.ide.mcu.externaltools.gnu-tools-for-stm32.11.3.rel1.win32_1.1.0.202305231506/tools/bin/../lib/gcc/arm-none-eabi/11.3.1/../../../../arm-none-eabi/lib/thumb/v7e-m+dp/hard\libc_nano.a(libc_a-printf.o)
                0x00000000080099dc                iprintf
                0x00000000080099dc                printf
 .text._puts_r  0x0000000008009a00       0xa8 C:/ST/STM32CubeIDE_1.13.0/STM32CubeIDE/plugins/com.st.stm32cube.ide.mcu.externaltools.gnu-tools-for-stm32.11.3.rel1.win32_1.1.0.202305231506/tools/bin/../lib/gcc/arm-none-eabi/11.3.1/../../../../arm-none-eabi/lib/thumb/v7e-m+dp/hard\libc_nano.a(libc_a-puts.o)
                0x0000000008009a00                _puts_r
 .text.puts     0x0000000008009aa8       0x10 C:/ST/STM32CubeIDE_1.13.0/STM32CubeIDE/plugins/com.st.stm32cube.ide.mcu.externaltools.gnu-tools-for-stm32.11.3.rel1.win32_1.1.0.202305231506/tools/bin/../lib/gcc/arm-none-eabi/11.3.1/../../../../arm-none-eabi/lib/thumb/v7e-m+dp/hard\libc_nano.a(libc_a-puts.o)
                0x0000000008009aa8                puts
 .text.__sread  0x0000000008009ab8       0x22 C:/ST/STM32CubeIDE_1.13.0/STM32CubeIDE/plugins/com.st.stm32cube.ide.mcu.externaltools.gnu-tools-for-stm32.11.3.rel1.win32_1.1.0.202305231506/tools/bin/../lib/gcc/arm-none-eabi/11.3.1/../../../../arm-none-eabi/lib/thumb/v7e-m+dp/hard\libc_nano.a(libc_a-stdio.o)
                0x0000000008009ab8                __sread
 .text.__swrite
                0x0000000008009ada       0x38 C:/ST/STM32CubeIDE_1.13.0/STM32CubeIDE/plugins/com.st.stm32cube.ide.mcu.externaltools.gnu-tools-for-stm32.11.3.rel1.win32_1.1.0.202305231506/tools/bin/../lib/gcc/arm-none-eabi/11.3.1/../../../../arm-none-eabi/lib/thumb/v7e-m+dp/hard\libc_nano.a(libc_a-stdio.o)
                0x0000000008009ada                __swrite
 .text.__sseek  0x0000000008009b12       0x24 C:/ST/STM32CubeIDE_1.13.0/STM32CubeIDE/plugins/com.st.stm32cube.ide.mcu.externaltools.gnu-tools-for-stm32.11.3.rel1.win32_1.1.0.202305231506/tools/bin/../lib/gcc/arm-none-eabi/11.3.1/../../../../arm-none-eabi/lib/thumb/v7e-m+dp/hard\libc_nano.a(libc_a-stdio.o)
                0x0000000008009b12                __sseek
 .text.__sclose
                0x0000000008009b36        0x8 C:/ST/STM32CubeIDE_1.13.0/STM32CubeIDE/plugins/com.st.stm32cube.ide.mcu.externaltools.gnu-tools-for-stm32.11.3.rel1.win32_1.1.0.202305231506/tools/bin/../lib/gcc/arm-none-eabi/11.3.1/../../../../arm-none-eabi/lib/thumb/v7e-m+dp/hard\libc_nano.a(libc_a-stdio.o)
                0x0000000008009b36                __sclose
 .text.__swbuf_r
                0x0000000008009b3e       0x7a C:/ST/STM32CubeIDE_1.13.0/STM32CubeIDE/plugins/com.st.stm32cube.ide.mcu.externaltools.gnu-tools-for-stm32.11.3.rel1.win32_1.1.0.202305231506/tools/bin/../lib/gcc/arm-none-eabi/11.3.1/../../../../arm-none-eabi/lib/thumb/v7e-m+dp/hard\libc_nano.a(libc_a-wbuf.o)
                0x0000000008009b3e                __swbuf_r
 .text.__swsetup_r
                0x0000000008009bb8       0xb0 C:/ST/STM32CubeIDE_1.13.0/STM32CubeIDE/plugins/com.st.stm32cube.ide.mcu.externaltools.gnu-tools-for-stm32.11.3.rel1.win32_1.1.0.202305231506/tools/bin/../lib/gcc/arm-none-eabi/11.3.1/../../../../arm-none-eabi/lib/thumb/v7e-m+dp/hard\libc_nano.a(libc_a-wsetup.o)
                0x0000000008009bb8                __swsetup_r
 .text.memset   0x0000000008009c68       0x10 C:/ST/STM32CubeIDE_1.13.0/STM32CubeIDE/plugins/com.st.stm32cube.ide.mcu.externaltools.gnu-tools-for-stm32.11.3.rel1.win32_1.1.0.202305231506/tools/bin/../lib/gcc/arm-none-eabi/11.3.1/../../../../arm-none-eabi/lib/thumb/v7e-m+dp/hard\libc_nano.a(libc_a-memset.o)
                0x0000000008009c68                memset
 .text._close_r
                0x0000000008009c78       0x20 C:/ST/STM32CubeIDE_1.13.0/STM32CubeIDE/plugins/com.st.stm32cube.ide.mcu.externaltools.gnu-tools-for-stm32.11.3.rel1.win32_1.1.0.202305231506/tools/bin/../lib/gcc/arm-none-eabi/11.3.1/../../../../arm-none-eabi/lib/thumb/v7e-m+dp/hard\libc_nano.a(libc_a-closer.o)
                0x0000000008009c78                _close_r
 .text._lseek_r
                0x0000000008009c98       0x24 C:/ST/STM32CubeIDE_1.13.0/STM32CubeIDE/plugins/com.st.stm32cube.ide.mcu.externaltools.gnu-tools-for-stm32.11.3.rel1.win32_1.1.0.202305231506/tools/bin/../lib/gcc/arm-none-eabi/11.3.1/../../../../arm-none-eabi/lib/thumb/v7e-m+dp/hard\libc_nano.a(libc_a-lseekr.o)
                0x0000000008009c98                _lseek_r
 .text._read_r  0x0000000008009cbc       0x24 C:/ST/STM32CubeIDE_1.13.0/STM32CubeIDE/plugins/com.st.stm32cube.ide.mcu.externaltools.gnu-tools-for-stm32.11.3.rel1.win32_1.1.0.202305231506/tools/bin/../lib/gcc/arm-none-eabi/11.3.1/../../../../arm-none-eabi/lib/thumb/v7e-m+dp/hard\libc_nano.a(libc_a-readr.o)
                0x0000000008009cbc                _read_r
 .text._sbrk_r  0x0000000008009ce0       0x20 C:/ST/STM32CubeIDE_1.13.0/STM32CubeIDE/plugins/com.st.stm32cube.ide.mcu.externaltools.gnu-tools-for-stm32.11.3.rel1.win32_1.1.0.202305231506/tools/bin/../lib/gcc/arm-none-eabi/11.3.1/../../../../arm-none-eabi/lib/thumb/v7e-m+dp/hard\libc_nano.a(libc_a-sbrkr.o)
                0x0000000008009ce0                _sbrk_r
 .text._write_r
                0x0000000008009d00       0x24 C:/ST/STM32CubeIDE_1.13.0/STM32CubeIDE/plugins/com.st.stm32cube.ide.mcu.externaltools.gnu-tools-for-stm32.11.3.rel1.win32_1.1.0.202305231506/tools/bin/../lib/gcc/arm-none-eabi/11.3.1/../../../../arm-none-eabi/lib/thumb/v7e-m+dp/hard\libc_nano.a(libc_a-writer.o)
                0x0000000008009d00                _write_r
 .text.__errno  0x0000000008009d24        0xc C:/ST/STM32CubeIDE_1.13.0/STM32CubeIDE/plugins/com.st.stm32cube.ide.mcu.externaltools.gnu-tools-for-stm32.11.3.rel1.win32_1.1.0.202305231506/tools/bin/../lib/gcc/arm-none-eabi/11.3.1/../../../../arm-none-eabi/lib/thumb/v7e-m+dp/hard\libc_nano.a(libc_a-errno.o)
                0x0000000008009d24                __errno
 .text.__libc_init_array
                0x0000000008009d30       0x48 C:/ST/STM32CubeIDE_1.13.0/STM32CubeIDE/plugins/com.st.stm32cube.ide.mcu.externaltools.gnu-tools-for-stm32.11.3.rel1.win32_1.1.0.202305231506/tools/bin/../lib/gcc/arm-none-eabi/11.3.1/../../../../arm-none-eabi/lib/thumb/v7e-m+dp/hard\libc_nano.a(libc_a-init.o)
                0x0000000008009d30                __libc_init_array
 .text.__retarget_lock_acquire_recursive
                0x0000000008009d78        0x2 C:/ST/STM32CubeIDE_1.13.0/STM32CubeIDE/plugins/com.st.stm32cube.ide.mcu.externaltools.gnu-tools-for-stm32.11.3.rel1.win32_1.1.0.202305231506/tools/bin/../lib/gcc/arm-none-eabi/11.3.1/../../../../arm-none-eabi/lib/thumb/v7e-m+dp/hard\libc_nano.a(libc_a-lock.o)
                0x0000000008009d78                __retarget_lock_acquire_recursive
 .text.__retarget_lock_release_recursive
                0x0000000008009d7a        0x2 C:/ST/STM32CubeIDE_1.13.0/STM32CubeIDE/plugins/com.st.stm32cube.ide.mcu.externaltools.gnu-tools-for-stm32.11.3.rel1.win32_1.1.0.202305231506/tools/bin/../lib/gcc/arm-none-eabi/11.3.1/../../../../arm-none-eabi/lib/thumb/v7e-m+dp/hard\libc_nano.a(libc_a-lock.o)
                0x0000000008009d7a                __retarget_lock_release_recursive
 .text.memcpy   0x0000000008009d7c       0x1c C:/ST/STM32CubeIDE_1.13.0/STM32CubeIDE/plugins/com.st.stm32cube.ide.mcu.externaltools.gnu-tools-for-stm32.11.3.rel1.win32_1.1.0.202305231506/tools/bin/../lib/gcc/arm-none-eabi/11.3.1/../../../../arm-none-eabi/lib/thumb/v7e-m+dp/hard\libc_nano.a(libc_a-memcpy-stub.o)
                0x0000000008009d7c                memcpy
 .text._free_r  0x0000000008009d98       0x98 C:/ST/STM32CubeIDE_1.13.0/STM32CubeIDE/plugins/com.st.stm32cube.ide.mcu.externaltools.gnu-tools-for-stm32.11.3.rel1.win32_1.1.0.202305231506/tools/bin/../lib/gcc/arm-none-eabi/11.3.1/../../../../arm-none-eabi/lib/thumb/v7e-m+dp/hard\libc_nano.a(libc_a-freer.o)
                0x0000000008009d98                _free_r
 .text.__sfputc_r
                0x0000000008009e30       0x2e C:/ST/STM32CubeIDE_1.13.0/STM32CubeIDE/plugins/com.st.stm32cube.ide.mcu.externaltools.gnu-tools-for-stm32.11.3.rel1.win32_1.1.0.202305231506/tools/bin/../lib/gcc/arm-none-eabi/11.3.1/../../../../arm-none-eabi/lib/thumb/v7e-m+dp/hard\libc_nano.a(libc_a-nano-vfprintf.o)
 .text.__sfputs_r
                0x0000000008009e5e       0x24 C:/ST/STM32CubeIDE_1.13.0/STM32CubeIDE/plugins/com.st.stm32cube.ide.mcu.externaltools.gnu-tools-for-stm32.11.3.rel1.win32_1.1.0.202305231506/tools/bin/../lib/gcc/arm-none-eabi/11.3.1/../../../../arm-none-eabi/lib/thumb/v7e-m+dp/hard\libc_nano.a(libc_a-nano-vfprintf.o)
                0x0000000008009e5e                __sfputs_r
 *fill*         0x0000000008009e82        0x2 
 .text._vfprintf_r
                0x0000000008009e84      0x234 C:/ST/STM32CubeIDE_1.13.0/STM32CubeIDE/plugins/com.st.stm32cube.ide.mcu.externaltools.gnu-tools-for-stm32.11.3.rel1.win32_1.1.0.202305231506/tools/bin/../lib/gcc/arm-none-eabi/11.3.1/../../../../arm-none-eabi/lib/thumb/v7e-m+dp/hard\libc_nano.a(libc_a-nano-vfprintf.o)
                0x0000000008009e84                _vfprintf_r
                0x0000000008009e84                _vfiprintf_r
 .text._printf_common
                0x000000000800a0b8       0xda C:/ST/STM32CubeIDE_1.13.0/STM32CubeIDE/plugins/com.st.stm32cube.ide.mcu.externaltools.gnu-tools-for-stm32.11.3.rel1.win32_1.1.0.202305231506/tools/bin/../lib/gcc/arm-none-eabi/11.3.1/../../../../arm-none-eabi/lib/thumb/v7e-m+dp/hard\libc_nano.a(libc_a-nano-vfprintf_i.o)
                0x000000000800a0b8                _printf_common
 *fill*         0x000000000800a192        0x2 
 .text._printf_i
                0x000000000800a194      0x244 C:/ST/STM32CubeIDE_1.13.0/STM32CubeIDE/plugins/com.st.stm32cube.ide.mcu.externaltools.gnu-tools-for-stm32.11.3.rel1.win32_1.1.0.202305231506/tools/bin/../lib/gcc/arm-none-eabi/11.3.1/../../../../arm-none-eabi/lib/thumb/v7e-m+dp/hard\libc_nano.a(libc_a-nano-vfprintf_i.o)
                0x000000000800a194                _printf_i
 .text.__swhatbuf_r
                0x000000000800a3d8       0x4c C:/ST/STM32CubeIDE_1.13.0/STM32CubeIDE/plugins/com.st.stm32cube.ide.mcu.externaltools.gnu-tools-for-stm32.11.3.rel1.win32_1.1.0.202305231506/tools/bin/../lib/gcc/arm-none-eabi/11.3.1/../../../../arm-none-eabi/lib/thumb/v7e-m+dp/hard\libc_nano.a(libc_a-makebuf.o)
                0x000000000800a3d8                __swhatbuf_r
 .text.__smakebuf_r
                0x000000000800a424       0x78 C:/ST/STM32CubeIDE_1.13.0/STM32CubeIDE/plugins/com.st.stm32cube.ide.mcu.externaltools.gnu-tools-for-stm32.11.3.rel1.win32_1.1.0.202305231506/tools/bin/../lib/gcc/arm-none-eabi/11.3.1/../../../../arm-none-eabi/lib/thumb/v7e-m+dp/hard\libc_nano.a(libc_a-makebuf.o)
                0x000000000800a424                __smakebuf_r
 .text._fstat_r
                0x000000000800a49c       0x24 C:/ST/STM32CubeIDE_1.13.0/STM32CubeIDE/plugins/com.st.stm32cube.ide.mcu.externaltools.gnu-tools-for-stm32.11.3.rel1.win32_1.1.0.202305231506/tools/bin/../lib/gcc/arm-none-eabi/11.3.1/../../../../arm-none-eabi/lib/thumb/v7e-m+dp/hard\libc_nano.a(libc_a-fstatr.o)
                0x000000000800a49c                _fstat_r
 .text._isatty_r
                0x000000000800a4c0       0x20 C:/ST/STM32CubeIDE_1.13.0/STM32CubeIDE/plugins/com.st.stm32cube.ide.mcu.externaltools.gnu-tools-for-stm32.11.3.rel1.win32_1.1.0.202305231506/tools/bin/../lib/gcc/arm-none-eabi/11.3.1/../../../../arm-none-eabi/lib/thumb/v7e-m+dp/hard\libc_nano.a(libc_a-isattyr.o)
                0x000000000800a4c0                _isatty_r
 *(.glue_7)
 .glue_7        0x000000000800a4e0        0x0 linker stubs
 *(.glue_7t)
 .glue_7t       0x000000000800a4e0        0x0 linker stubs
 *(.eh_frame)
 .eh_frame      0x000000000800a4e0        0x0 C:/ST/STM32CubeIDE_1.13.0/STM32CubeIDE/plugins/com.st.stm32cube.ide.mcu.externaltools.gnu-tools-for-stm32.11.3.rel1.win32_1.1.0.202305231506/tools/bin/../lib/gcc/arm-none-eabi/11.3.1/thumb/v7e-m+dp/hard/crtbegin.o
 *(.init)
 .init          0x000000000800a4e0        0x4 C:/ST/STM32CubeIDE_1.13.0/STM32CubeIDE/plugins/com.st.stm32cube.ide.mcu.externaltools.gnu-tools-for-stm32.11.3.rel1.win32_1.1.0.202305231506/tools/bin/../lib/gcc/arm-none-eabi/11.3.1/thumb/v7e-m+dp/hard/crti.o
                0x000000000800a4e0                _init
 .init          0x000000000800a4e4        0x8 C:/ST/STM32CubeIDE_1.13.0/STM32CubeIDE/plugins/com.st.stm32cube.ide.mcu.externaltools.gnu-tools-for-stm32.11.3.rel1.win32_1.1.0.202305231506/tools/bin/../lib/gcc/arm-none-eabi/11.3.1/thumb/v7e-m+dp/hard/crtn.o
 *(.fini)
 .fini          0x000000000800a4ec        0x4 C:/ST/STM32CubeIDE_1.13.0/STM32CubeIDE/plugins/com.st.stm32cube.ide.mcu.externaltools.gnu-tools-for-stm32.11.3.rel1.win32_1.1.0.202305231506/tools/bin/../lib/gcc/arm-none-eabi/11.3.1/thumb/v7e-m+dp/hard/crti.o
                0x000000000800a4ec                _fini
 .fini          0x000000000800a4f0        0x8 C:/ST/STM32CubeIDE_1.13.0/STM32CubeIDE/plugins/com.st.stm32cube.ide.mcu.externaltools.gnu-tools-for-stm32.11.3.rel1.win32_1.1.0.202305231506/tools/bin/../lib/gcc/arm-none-eabi/11.3.1/thumb/v7e-m+dp/hard/crtn.o
                0x000000000800a4f8                . = ALIGN (0x4)
                0x000000000800a4f8                _etext = .

.vfp11_veneer   0x000000000800a4f8        0x0
 .vfp11_veneer  0x000000000800a4f8        0x0 linker stubs

.v4_bx          0x000000000800a4f8        0x0
 .v4_bx         0x000000000800a4f8        0x0 linker stubs

.iplt           0x000000000800a4f8        0x0
 .iplt          0x000000000800a4f8        0x0 C:/ST/STM32CubeIDE_1.13.0/STM32CubeIDE/plugins/com.st.stm32cube.ide.mcu.externaltools.gnu-tools-for-stm32.11.3.rel1.win32_1.1.0.202305231506/tools/bin/../lib/gcc/arm-none-eabi/11.3.1/thumb/v7e-m+dp/hard/crtbegin.o

.rodata         0x000000000800a4f8      0x91c
                0x000000000800a4f8                . = ALIGN (0x4)
 *(.rodata)
 .rodata        0x000000000800a4f8      0x1c5 ./Core/CANopenNode_STM32/CO_app_STM32.o
 *(.rodata*)
 *fill*         0x000000000800a6bd        0x3 
 .rodata.ODObjs
                0x000000000800a6c0      0x710 ./Core/CANopenNode_STM32/OD.o
 .rodata.AHBPrescTable
                0x000000000800add0       0x10 ./Core/Src/system_stm32f7xx.o
                0x000000000800add0                AHBPrescTable
 .rodata._vfprintf_r.str1.1
                0x000000000800ade0       0x11 C:/ST/STM32CubeIDE_1.13.0/STM32CubeIDE/plugins/com.st.stm32cube.ide.mcu.externaltools.gnu-tools-for-stm32.11.3.rel1.win32_1.1.0.202305231506/tools/bin/../lib/gcc/arm-none-eabi/11.3.1/../../../../arm-none-eabi/lib/thumb/v7e-m+dp/hard\libc_nano.a(libc_a-nano-vfprintf.o)
 .rodata._printf_i.str1.1
                0x000000000800adf1       0x22 C:/ST/STM32CubeIDE_1.13.0/STM32CubeIDE/plugins/com.st.stm32cube.ide.mcu.externaltools.gnu-tools-for-stm32.11.3.rel1.win32_1.1.0.202305231506/tools/bin/../lib/gcc/arm-none-eabi/11.3.1/../../../../arm-none-eabi/lib/thumb/v7e-m+dp/hard\libc_nano.a(libc_a-nano-vfprintf_i.o)
                0x000000000800ae14                . = ALIGN (0x4)
 *fill*         0x000000000800ae13        0x1 

.ARM.extab      0x000000000800ae14        0x0
                0x000000000800ae14                . = ALIGN (0x4)
 *(.ARM.extab* .gnu.linkonce.armextab.*)
                0x000000000800ae14                . = ALIGN (0x4)

.ARM            0x000000000800ae14        0x8
                0x000000000800ae14                . = ALIGN (0x4)
                0x000000000800ae14                __exidx_start = .
 *(.ARM.exidx*)
 .ARM.exidx     0x000000000800ae14        0x8 C:/ST/STM32CubeIDE_1.13.0/STM32CubeIDE/plugins/com.st.stm32cube.ide.mcu.externaltools.gnu-tools-for-stm32.11.3.rel1.win32_1.1.0.202305231506/tools/bin/../lib/gcc/arm-none-eabi/11.3.1/thumb/v7e-m+dp/hard\libgcc.a(_udivmoddi4.o)
                0x000000000800ae1c                __exidx_end = .
                0x000000000800ae1c                . = ALIGN (0x4)

.rel.dyn        0x000000000800ae1c        0x0
 .rel.iplt      0x000000000800ae1c        0x0 C:/ST/STM32CubeIDE_1.13.0/STM32CubeIDE/plugins/com.st.stm32cube.ide.mcu.externaltools.gnu-tools-for-stm32.11.3.rel1.win32_1.1.0.202305231506/tools/bin/../lib/gcc/arm-none-eabi/11.3.1/thumb/v7e-m+dp/hard/crtbegin.o

.preinit_array  0x000000000800ae1c        0x0
                0x000000000800ae1c                . = ALIGN (0x4)
                0x000000000800ae1c                PROVIDE (__preinit_array_start = .)
 *(.preinit_array*)
                0x000000000800ae1c                PROVIDE (__preinit_array_end = .)
                0x000000000800ae1c                . = ALIGN (0x4)

.init_array     0x000000000800ae1c        0x4
                0x000000000800ae1c                . = ALIGN (0x4)
                0x000000000800ae1c                PROVIDE (__init_array_start = .)
 *(SORT_BY_NAME(.init_array.*))
 *(.init_array*)
 .init_array    0x000000000800ae1c        0x4 C:/ST/STM32CubeIDE_1.13.0/STM32CubeIDE/plugins/com.st.stm32cube.ide.mcu.externaltools.gnu-tools-for-stm32.11.3.rel1.win32_1.1.0.202305231506/tools/bin/../lib/gcc/arm-none-eabi/11.3.1/thumb/v7e-m+dp/hard/crtbegin.o
                0x000000000800ae20                PROVIDE (__init_array_end = .)
                0x000000000800ae20                . = ALIGN (0x4)

.fini_array     0x000000000800ae20        0x4
                0x000000000800ae20                . = ALIGN (0x4)
                [!provide]                        PROVIDE (__fini_array_start = .)
 *(SORT_BY_NAME(.fini_array.*))
 *(.fini_array*)
 .fini_array    0x000000000800ae20        0x4 C:/ST/STM32CubeIDE_1.13.0/STM32CubeIDE/plugins/com.st.stm32cube.ide.mcu.externaltools.gnu-tools-for-stm32.11.3.rel1.win32_1.1.0.202305231506/tools/bin/../lib/gcc/arm-none-eabi/11.3.1/thumb/v7e-m+dp/hard/crtbegin.o
                [!provide]                        PROVIDE (__fini_array_end = .)
                0x000000000800ae24                . = ALIGN (0x4)
                0x000000000800ae24                _sidata = LOADADDR (.data)

.data           0x0000000020000000      0x47c load address 0x000000000800ae24
                0x0000000020000000                . = ALIGN (0x4)
                0x0000000020000000                _sdata = .
 *(.data)
 *(.data*)
 .data.OD_PERSIST_COMM
                0x0000000020000000      0x218 ./Core/CANopenNode_STM32/OD.o
                0x0000000020000000                OD_PERSIST_COMM
 .data.OD_RAM   0x0000000020000218       0x34 ./Core/CANopenNode_STM32/OD.o
                0x0000000020000218                OD_RAM
 .data.ODList   0x000000002000024c      0x1bc ./Core/CANopenNode_STM32/OD.o
 .data._OD      0x0000000020000408        0x8 ./Core/CANopenNode_STM32/OD.o
 .data.OD       0x0000000020000410        0x4 ./Core/CANopenNode_STM32/OD.o
                0x0000000020000410                OD
 .data.SystemCoreClock
                0x0000000020000414        0x4 ./Core/Src/system_stm32f7xx.o
                0x0000000020000414                SystemCoreClock
 .data.uwTickPrio
                0x0000000020000418        0x4 ./Drivers/STM32F7xx_HAL_Driver/Src/stm32f7xx_hal.o
                0x0000000020000418                uwTickPrio
 .data.uwTickFreq
                0x000000002000041c        0x1 ./Drivers/STM32F7xx_HAL_Driver/Src/stm32f7xx_hal.o
                0x000000002000041c                uwTickFreq
 *fill*         0x000000002000041d        0x3 
 .data.__sglue  0x0000000020000420        0xc C:/ST/STM32CubeIDE_1.13.0/STM32CubeIDE/plugins/com.st.stm32cube.ide.mcu.externaltools.gnu-tools-for-stm32.11.3.rel1.win32_1.1.0.202305231506/tools/bin/../lib/gcc/arm-none-eabi/11.3.1/../../../../arm-none-eabi/lib/thumb/v7e-m+dp/hard\libc_nano.a(libc_a-findfp.o)
                0x0000000020000420                __sglue
 .data._impure_data
                0x000000002000042c       0x4c C:/ST/STM32CubeIDE_1.13.0/STM32CubeIDE/plugins/com.st.stm32cube.ide.mcu.externaltools.gnu-tools-for-stm32.11.3.rel1.win32_1.1.0.202305231506/tools/bin/../lib/gcc/arm-none-eabi/11.3.1/../../../../arm-none-eabi/lib/thumb/v7e-m+dp/hard\libc_nano.a(libc_a-impure.o)
                0x000000002000042c                _impure_data
 .data._impure_ptr
                0x0000000020000478        0x4 C:/ST/STM32CubeIDE_1.13.0/STM32CubeIDE/plugins/com.st.stm32cube.ide.mcu.externaltools.gnu-tools-for-stm32.11.3.rel1.win32_1.1.0.202305231506/tools/bin/../lib/gcc/arm-none-eabi/11.3.1/../../../../arm-none-eabi/lib/thumb/v7e-m+dp/hard\libc_nano.a(libc_a-impure.o)
                0x0000000020000478                _impure_ptr
 *(.RamFunc)
 *(.RamFunc*)
                0x000000002000047c                . = ALIGN (0x4)
                0x000000002000047c                _edata = .

.igot.plt       0x000000002000047c        0x0 load address 0x000000000800b2a0
 .igot.plt      0x000000002000047c        0x0 C:/ST/STM32CubeIDE_1.13.0/STM32CubeIDE/plugins/com.st.stm32cube.ide.mcu.externaltools.gnu-tools-for-stm32.11.3.rel1.win32_1.1.0.202305231506/tools/bin/../lib/gcc/arm-none-eabi/11.3.1/thumb/v7e-m+dp/hard/crtbegin.o
                0x000000002000047c                . = ALIGN (0x4)

.bss            0x000000002000047c      0x25c load address 0x000000000800b2a0
                0x000000002000047c                _sbss = .
                0x000000002000047c                __bss_start__ = _sbss
 *(.bss)
 .bss           0x000000002000047c       0x1c C:/ST/STM32CubeIDE_1.13.0/STM32CubeIDE/plugins/com.st.stm32cube.ide.mcu.externaltools.gnu-tools-for-stm32.11.3.rel1.win32_1.1.0.202305231506/tools/bin/../lib/gcc/arm-none-eabi/11.3.1/thumb/v7e-m+dp/hard/crtbegin.o
 *(.bss*)
 .bss.canopenNodeSTM32
                0x0000000020000498        0x4 ./Core/CANopenNode_STM32/CO_app_STM32.o
                0x0000000020000498                canopenNodeSTM32
 .bss.CO        0x000000002000049c        0x4 ./Core/CANopenNode_STM32/CO_app_STM32.o
                0x000000002000049c                CO
 .bss.time_old  0x00000000200004a0        0x4 ./Core/CANopenNode_STM32/CO_app_STM32.o
                0x00000000200004a0                time_old
 .bss.time_current
                0x00000000200004a4        0x4 ./Core/CANopenNode_STM32/CO_app_STM32.o
                0x00000000200004a4                time_current
 .bss.err       0x00000000200004a8        0x1 ./Core/CANopenNode_STM32/CO_app_STM32.o
                0x00000000200004a8                err
 *fill*         0x00000000200004a9        0x3 
 .bss.CANModule_local
                0x00000000200004ac        0x4 ./Core/CANopenNode_STM32/CO_driver_STM32.o
 .bss.tx_hdr.1  0x00000000200004b0       0x18 ./Core/CANopenNode_STM32/CO_driver_STM32.o
 .bss.rx_hdr.0  0x00000000200004c8       0x1c ./Core/CANopenNode_STM32/CO_driver_STM32.o
 .bss.hcan1     0x00000000200004e4       0x28 ./Core/Src/main.o
                0x00000000200004e4                hcan1
 .bss.hcan2     0x000000002000050c       0x28 ./Core/Src/main.o
                0x000000002000050c                hcan2
 .bss.htim14    0x0000000020000534       0x4c ./Core/Src/main.o
                0x0000000020000534                htim14
 .bss.HAL_RCC_CAN1_CLK_ENABLED
                0x0000000020000580        0x4 ./Core/Src/stm32f7xx_hal_msp.o
 .bss.__sbrk_heap_end
                0x0000000020000584        0x4 ./Core/Src/sysmem.o
 .bss.uwTick    0x0000000020000588        0x4 ./Drivers/STM32F7xx_HAL_Driver/Src/stm32f7xx_hal.o
                0x0000000020000588                uwTick
 .bss.__malloc_free_list
                0x000000002000058c        0x4 C:/ST/STM32CubeIDE_1.13.0/STM32CubeIDE/plugins/com.st.stm32cube.ide.mcu.externaltools.gnu-tools-for-stm32.11.3.rel1.win32_1.1.0.202305231506/tools/bin/../lib/gcc/arm-none-eabi/11.3.1/../../../../arm-none-eabi/lib/thumb/v7e-m+dp/hard\libc_nano.a(libc_a-mallocr.o)
                0x000000002000058c                __malloc_free_list
 .bss.__malloc_sbrk_start
                0x0000000020000590        0x4 C:/ST/STM32CubeIDE_1.13.0/STM32CubeIDE/plugins/com.st.stm32cube.ide.mcu.externaltools.gnu-tools-for-stm32.11.3.rel1.win32_1.1.0.202305231506/tools/bin/../lib/gcc/arm-none-eabi/11.3.1/../../../../arm-none-eabi/lib/thumb/v7e-m+dp/hard\libc_nano.a(libc_a-mallocr.o)
                0x0000000020000590                __malloc_sbrk_start
 .bss.__sf      0x0000000020000594      0x138 C:/ST/STM32CubeIDE_1.13.0/STM32CubeIDE/plugins/com.st.stm32cube.ide.mcu.externaltools.gnu-tools-for-stm32.11.3.rel1.win32_1.1.0.202305231506/tools/bin/../lib/gcc/arm-none-eabi/11.3.1/../../../../arm-none-eabi/lib/thumb/v7e-m+dp/hard\libc_nano.a(libc_a-findfp.o)
                0x0000000020000594                __sf
 .bss.__stdio_exit_handler
                0x00000000200006cc        0x4 C:/ST/STM32CubeIDE_1.13.0/STM32CubeIDE/plugins/com.st.stm32cube.ide.mcu.externaltools.gnu-tools-for-stm32.11.3.rel1.win32_1.1.0.202305231506/tools/bin/../lib/gcc/arm-none-eabi/11.3.1/../../../../arm-none-eabi/lib/thumb/v7e-m+dp/hard\libc_nano.a(libc_a-findfp.o)
                0x00000000200006cc                __stdio_exit_handler
 .bss.errno     0x00000000200006d0        0x4 C:/ST/STM32CubeIDE_1.13.0/STM32CubeIDE/plugins/com.st.stm32cube.ide.mcu.externaltools.gnu-tools-for-stm32.11.3.rel1.win32_1.1.0.202305231506/tools/bin/../lib/gcc/arm-none-eabi/11.3.1/../../../../arm-none-eabi/lib/thumb/v7e-m+dp/hard\libc_nano.a(libc_a-reent.o)
                0x00000000200006d0                errno
 .bss.__lock___malloc_recursive_mutex
                0x00000000200006d4        0x1 C:/ST/STM32CubeIDE_1.13.0/STM32CubeIDE/plugins/com.st.stm32cube.ide.mcu.externaltools.gnu-tools-for-stm32.11.3.rel1.win32_1.1.0.202305231506/tools/bin/../lib/gcc/arm-none-eabi/11.3.1/../../../../arm-none-eabi/lib/thumb/v7e-m+dp/hard\libc_nano.a(libc_a-lock.o)
                0x00000000200006d4                __lock___malloc_recursive_mutex
 .bss.__lock___sfp_recursive_mutex
                0x00000000200006d5        0x1 C:/ST/STM32CubeIDE_1.13.0/STM32CubeIDE/plugins/com.st.stm32cube.ide.mcu.externaltools.gnu-tools-for-stm32.11.3.rel1.win32_1.1.0.202305231506/tools/bin/../lib/gcc/arm-none-eabi/11.3.1/../../../../arm-none-eabi/lib/thumb/v7e-m+dp/hard\libc_nano.a(libc_a-lock.o)
                0x00000000200006d5                __lock___sfp_recursive_mutex
 *(COMMON)
                0x00000000200006d8                . = ALIGN (0x4)
 *fill*         0x00000000200006d6        0x2 
                0x00000000200006d8                _ebss = .
                0x00000000200006d8                __bss_end__ = _ebss

._user_heap_stack
                0x00000000200006d8      0x600 load address 0x000000000800b2a0
                0x00000000200006d8                . = ALIGN (0x8)
                [!provide]                        PROVIDE (end = .)
                0x00000000200006d8                PROVIDE (_end = .)
                0x00000000200008d8                . = (. + _Min_Heap_Size)
 *fill*         0x00000000200006d8      0x200 
                0x0000000020000cd8                . = (. + _Min_Stack_Size)
 *fill*         0x00000000200008d8      0x400 
                0x0000000020000cd8                . = ALIGN (0x8)

/DISCARD/
 libc.a(*)
 libm.a(*)
 libgcc.a(*)

.ARM.attributes
                0x0000000000000000       0x2e
 *(.ARM.attributes)
 .ARM.attributes
                0x0000000000000000       0x1e C:/ST/STM32CubeIDE_1.13.0/STM32CubeIDE/plugins/com.st.stm32cube.ide.mcu.externaltools.gnu-tools-for-stm32.11.3.rel1.win32_1.1.0.202305231506/tools/bin/../lib/gcc/arm-none-eabi/11.3.1/thumb/v7e-m+dp/hard/crti.o
 .ARM.attributes
                0x000000000000001e       0x32 C:/ST/STM32CubeIDE_1.13.0/STM32CubeIDE/plugins/com.st.stm32cube.ide.mcu.externaltools.gnu-tools-for-stm32.11.3.rel1.win32_1.1.0.202305231506/tools/bin/../lib/gcc/arm-none-eabi/11.3.1/thumb/v7e-m+dp/hard/crtbegin.o
 .ARM.attributes
                0x0000000000000050       0x32 ./CANopenNode/301/CO_Emergency.o
 .ARM.attributes
                0x0000000000000082       0x32 ./CANopenNode/301/CO_HBconsumer.o
 .ARM.attributes
                0x00000000000000b4       0x32 ./CANopenNode/301/CO_NMT_Heartbeat.o
 .ARM.attributes
                0x00000000000000e6       0x32 ./CANopenNode/301/CO_ODinterface.o
 .ARM.attributes
                0x0000000000000118       0x32 ./CANopenNode/301/CO_PDO.o
 .ARM.attributes
                0x000000000000014a       0x32 ./CANopenNode/301/CO_SDOclient.o
 .ARM.attributes
                0x000000000000017c       0x32 ./CANopenNode/301/CO_SDOserver.o
 .ARM.attributes
                0x00000000000001ae       0x32 ./CANopenNode/301/CO_SYNC.o
 .ARM.attributes
                0x00000000000001e0       0x32 ./CANopenNode/301/CO_TIME.o
 .ARM.attributes
                0x0000000000000212       0x32 ./CANopenNode/301/CO_fifo.o
 .ARM.attributes
                0x0000000000000244       0x32 ./CANopenNode/303/CO_LEDs.o
 .ARM.attributes
                0x0000000000000276       0x32 ./CANopenNode/305/CO_LSSslave.o
 .ARM.attributes
                0x00000000000002a8       0x32 ./CANopenNode/CANopen.o
 .ARM.attributes
                0x00000000000002da       0x32 ./Core/CANopenNode_STM32/CO_app_STM32.o
 .ARM.attributes
                0x000000000000030c       0x32 ./Core/CANopenNode_STM32/CO_driver_STM32.o
 .ARM.attributes
                0x000000000000033e       0x32 ./Core/CANopenNode_STM32/OD.o
 .ARM.attributes
                0x0000000000000370       0x32 ./Core/Src/main.o
 .ARM.attributes
                0x00000000000003a2       0x32 ./Core/Src/stm32f7xx_hal_msp.o
 .ARM.attributes
                0x00000000000003d4       0x32 ./Core/Src/stm32f7xx_it.o
 .ARM.attributes
                0x0000000000000406       0x32 ./Core/Src/syscalls.o
 .ARM.attributes
                0x0000000000000438       0x32 ./Core/Src/sysmem.o
 .ARM.attributes
                0x000000000000046a       0x32 ./Core/Src/system_stm32f7xx.o
 .ARM.attributes
                0x000000000000049c       0x21 ./Core/Startup/startup_stm32f767vitx.o
 .ARM.attributes
                0x00000000000004bd       0x32 ./Drivers/STM32F7xx_HAL_Driver/Src/stm32f7xx_hal.o
 .ARM.attributes
                0x00000000000004ef       0x32 ./Drivers/STM32F7xx_HAL_Driver/Src/stm32f7xx_hal_can.o
 .ARM.attributes
                0x0000000000000521       0x32 ./Drivers/STM32F7xx_HAL_Driver/Src/stm32f7xx_hal_cortex.o
 .ARM.attributes
                0x0000000000000553       0x32 ./Drivers/STM32F7xx_HAL_Driver/Src/stm32f7xx_hal_gpio.o
 .ARM.attributes
                0x0000000000000585       0x32 ./Drivers/STM32F7xx_HAL_Driver/Src/stm32f7xx_hal_rcc.o
 .ARM.attributes
                0x00000000000005b7       0x32 ./Drivers/STM32F7xx_HAL_Driver/Src/stm32f7xx_hal_tim.o
 .ARM.attributes
                0x00000000000005e9       0x32 ./Drivers/STM32F7xx_HAL_Driver/Src/stm32f7xx_hal_tim_ex.o
 .ARM.attributes
                0x000000000000061b       0x32 C:/ST/STM32CubeIDE_1.13.0/STM32CubeIDE/plugins/com.st.stm32cube.ide.mcu.externaltools.gnu-tools-for-stm32.11.3.rel1.win32_1.1.0.202305231506/tools/bin/../lib/gcc/arm-none-eabi/11.3.1/../../../../arm-none-eabi/lib/thumb/v7e-m+dp/hard\libc_nano.a(libc_a-calloc.o)
 .ARM.attributes
                0x000000000000064d       0x32 C:/ST/STM32CubeIDE_1.13.0/STM32CubeIDE/plugins/com.st.stm32cube.ide.mcu.externaltools.gnu-tools-for-stm32.11.3.rel1.win32_1.1.0.202305231506/tools/bin/../lib/gcc/arm-none-eabi/11.3.1/../../../../arm-none-eabi/lib/thumb/v7e-m+dp/hard\libc_nano.a(libc_a-callocr.o)
 .ARM.attributes
                0x000000000000067f       0x32 C:/ST/STM32CubeIDE_1.13.0/STM32CubeIDE/plugins/com.st.stm32cube.ide.mcu.externaltools.gnu-tools-for-stm32.11.3.rel1.win32_1.1.0.202305231506/tools/bin/../lib/gcc/arm-none-eabi/11.3.1/../../../../arm-none-eabi/lib/thumb/v7e-m+dp/hard\libc_nano.a(libc_a-malloc.o)
 .ARM.attributes
                0x00000000000006b1       0x32 C:/ST/STM32CubeIDE_1.13.0/STM32CubeIDE/plugins/com.st.stm32cube.ide.mcu.externaltools.gnu-tools-for-stm32.11.3.rel1.win32_1.1.0.202305231506/tools/bin/../lib/gcc/arm-none-eabi/11.3.1/../../../../arm-none-eabi/lib/thumb/v7e-m+dp/hard\libc_nano.a(libc_a-mallocr.o)
 .ARM.attributes
                0x00000000000006e3       0x32 C:/ST/STM32CubeIDE_1.13.0/STM32CubeIDE/plugins/com.st.stm32cube.ide.mcu.externaltools.gnu-tools-for-stm32.11.3.rel1.win32_1.1.0.202305231506/tools/bin/../lib/gcc/arm-none-eabi/11.3.1/../../../../arm-none-eabi/lib/thumb/v7e-m+dp/hard\libc_nano.a(libc_a-mlock.o)
 .ARM.attributes
                0x0000000000000715       0x32 C:/ST/STM32CubeIDE_1.13.0/STM32CubeIDE/plugins/com.st.stm32cube.ide.mcu.externaltools.gnu-tools-for-stm32.11.3.rel1.win32_1.1.0.202305231506/tools/bin/../lib/gcc/arm-none-eabi/11.3.1/../../../../arm-none-eabi/lib/thumb/v7e-m+dp/hard\libc_nano.a(libc_a-fflush.o)
 .ARM.attributes
                0x0000000000000747       0x32 C:/ST/STM32CubeIDE_1.13.0/STM32CubeIDE/plugins/com.st.stm32cube.ide.mcu.externaltools.gnu-tools-for-stm32.11.3.rel1.win32_1.1.0.202305231506/tools/bin/../lib/gcc/arm-none-eabi/11.3.1/../../../../arm-none-eabi/lib/thumb/v7e-m+dp/hard\libc_nano.a(libc_a-findfp.o)
 .ARM.attributes
                0x0000000000000779       0x32 C:/ST/STM32CubeIDE_1.13.0/STM32CubeIDE/plugins/com.st.stm32cube.ide.mcu.externaltools.gnu-tools-for-stm32.11.3.rel1.win32_1.1.0.202305231506/tools/bin/../lib/gcc/arm-none-eabi/11.3.1/../../../../arm-none-eabi/lib/thumb/v7e-m+dp/hard\libc_nano.a(libc_a-fwalk.o)
 .ARM.attributes
                0x00000000000007ab       0x32 C:/ST/STM32CubeIDE_1.13.0/STM32CubeIDE/plugins/com.st.stm32cube.ide.mcu.externaltools.gnu-tools-for-stm32.11.3.rel1.win32_1.1.0.202305231506/tools/bin/../lib/gcc/arm-none-eabi/11.3.1/../../../../arm-none-eabi/lib/thumb/v7e-m+dp/hard\libc_nano.a(libc_a-printf.o)
 .ARM.attributes
                0x00000000000007dd       0x32 C:/ST/STM32CubeIDE_1.13.0/STM32CubeIDE/plugins/com.st.stm32cube.ide.mcu.externaltools.gnu-tools-for-stm32.11.3.rel1.win32_1.1.0.202305231506/tools/bin/../lib/gcc/arm-none-eabi/11.3.1/../../../../arm-none-eabi/lib/thumb/v7e-m+dp/hard\libc_nano.a(libc_a-puts.o)
 .ARM.attributes
                0x000000000000080f       0x32 C:/ST/STM32CubeIDE_1.13.0/STM32CubeIDE/plugins/com.st.stm32cube.ide.mcu.externaltools.gnu-tools-for-stm32.11.3.rel1.win32_1.1.0.202305231506/tools/bin/../lib/gcc/arm-none-eabi/11.3.1/../../../../arm-none-eabi/lib/thumb/v7e-m+dp/hard\libc_nano.a(libc_a-stdio.o)
 .ARM.attributes
                0x0000000000000841       0x32 C:/ST/STM32CubeIDE_1.13.0/STM32CubeIDE/plugins/com.st.stm32cube.ide.mcu.externaltools.gnu-tools-for-stm32.11.3.rel1.win32_1.1.0.202305231506/tools/bin/../lib/gcc/arm-none-eabi/11.3.1/../../../../arm-none-eabi/lib/thumb/v7e-m+dp/hard\libc_nano.a(libc_a-wbuf.o)
 .ARM.attributes
                0x0000000000000873       0x32 C:/ST/STM32CubeIDE_1.13.0/STM32CubeIDE/plugins/com.st.stm32cube.ide.mcu.externaltools.gnu-tools-for-stm32.11.3.rel1.win32_1.1.0.202305231506/tools/bin/../lib/gcc/arm-none-eabi/11.3.1/../../../../arm-none-eabi/lib/thumb/v7e-m+dp/hard\libc_nano.a(libc_a-wsetup.o)
 .ARM.attributes
                0x00000000000008a5       0x32 C:/ST/STM32CubeIDE_1.13.0/STM32CubeIDE/plugins/com.st.stm32cube.ide.mcu.externaltools.gnu-tools-for-stm32.11.3.rel1.win32_1.1.0.202305231506/tools/bin/../lib/gcc/arm-none-eabi/11.3.1/../../../../arm-none-eabi/lib/thumb/v7e-m+dp/hard\libc_nano.a(libc_a-memset.o)
 .ARM.attributes
                0x00000000000008d7       0x32 C:/ST/STM32CubeIDE_1.13.0/STM32CubeIDE/plugins/com.st.stm32cube.ide.mcu.externaltools.gnu-tools-for-stm32.11.3.rel1.win32_1.1.0.202305231506/tools/bin/../lib/gcc/arm-none-eabi/11.3.1/../../../../arm-none-eabi/lib/thumb/v7e-m+dp/hard\libc_nano.a(libc_a-closer.o)
 .ARM.attributes
                0x0000000000000909       0x32 C:/ST/STM32CubeIDE_1.13.0/STM32CubeIDE/plugins/com.st.stm32cube.ide.mcu.externaltools.gnu-tools-for-stm32.11.3.rel1.win32_1.1.0.202305231506/tools/bin/../lib/gcc/arm-none-eabi/11.3.1/../../../../arm-none-eabi/lib/thumb/v7e-m+dp/hard\libc_nano.a(libc_a-reent.o)
 .ARM.attributes
                0x000000000000093b       0x32 C:/ST/STM32CubeIDE_1.13.0/STM32CubeIDE/plugins/com.st.stm32cube.ide.mcu.externaltools.gnu-tools-for-stm32.11.3.rel1.win32_1.1.0.202305231506/tools/bin/../lib/gcc/arm-none-eabi/11.3.1/../../../../arm-none-eabi/lib/thumb/v7e-m+dp/hard\libc_nano.a(libc_a-impure.o)
 .ARM.attributes
                0x000000000000096d       0x32 C:/ST/STM32CubeIDE_1.13.0/STM32CubeIDE/plugins/com.st.stm32cube.ide.mcu.externaltools.gnu-tools-for-stm32.11.3.rel1.win32_1.1.0.202305231506/tools/bin/../lib/gcc/arm-none-eabi/11.3.1/../../../../arm-none-eabi/lib/thumb/v7e-m+dp/hard\libc_nano.a(libc_a-lseekr.o)
 .ARM.attributes
                0x000000000000099f       0x32 C:/ST/STM32CubeIDE_1.13.0/STM32CubeIDE/plugins/com.st.stm32cube.ide.mcu.externaltools.gnu-tools-for-stm32.11.3.rel1.win32_1.1.0.202305231506/tools/bin/../lib/gcc/arm-none-eabi/11.3.1/../../../../arm-none-eabi/lib/thumb/v7e-m+dp/hard\libc_nano.a(libc_a-readr.o)
 .ARM.attributes
                0x00000000000009d1       0x32 C:/ST/STM32CubeIDE_1.13.0/STM32CubeIDE/plugins/com.st.stm32cube.ide.mcu.externaltools.gnu-tools-for-stm32.11.3.rel1.win32_1.1.0.202305231506/tools/bin/../lib/gcc/arm-none-eabi/11.3.1/../../../../arm-none-eabi/lib/thumb/v7e-m+dp/hard\libc_nano.a(libc_a-sbrkr.o)
 .ARM.attributes
                0x0000000000000a03       0x32 C:/ST/STM32CubeIDE_1.13.0/STM32CubeIDE/plugins/com.st.stm32cube.ide.mcu.externaltools.gnu-tools-for-stm32.11.3.rel1.win32_1.1.0.202305231506/tools/bin/../lib/gcc/arm-none-eabi/11.3.1/../../../../arm-none-eabi/lib/thumb/v7e-m+dp/hard\libc_nano.a(libc_a-writer.o)
 .ARM.attributes
                0x0000000000000a35       0x32 C:/ST/STM32CubeIDE_1.13.0/STM32CubeIDE/plugins/com.st.stm32cube.ide.mcu.externaltools.gnu-tools-for-stm32.11.3.rel1.win32_1.1.0.202305231506/tools/bin/../lib/gcc/arm-none-eabi/11.3.1/../../../../arm-none-eabi/lib/thumb/v7e-m+dp/hard\libc_nano.a(libc_a-errno.o)
 .ARM.attributes
                0x0000000000000a67       0x32 C:/ST/STM32CubeIDE_1.13.0/STM32CubeIDE/plugins/com.st.stm32cube.ide.mcu.externaltools.gnu-tools-for-stm32.11.3.rel1.win32_1.1.0.202305231506/tools/bin/../lib/gcc/arm-none-eabi/11.3.1/../../../../arm-none-eabi/lib/thumb/v7e-m+dp/hard\libc_nano.a(libc_a-init.o)
 .ARM.attributes
                0x0000000000000a99       0x32 C:/ST/STM32CubeIDE_1.13.0/STM32CubeIDE/plugins/com.st.stm32cube.ide.mcu.externaltools.gnu-tools-for-stm32.11.3.rel1.win32_1.1.0.202305231506/tools/bin/../lib/gcc/arm-none-eabi/11.3.1/../../../../arm-none-eabi/lib/thumb/v7e-m+dp/hard\libc_nano.a(libc_a-lock.o)
 .ARM.attributes
                0x0000000000000acb       0x32 C:/ST/STM32CubeIDE_1.13.0/STM32CubeIDE/plugins/com.st.stm32cube.ide.mcu.externaltools.gnu-tools-for-stm32.11.3.rel1.win32_1.1.0.202305231506/tools/bin/../lib/gcc/arm-none-eabi/11.3.1/../../../../arm-none-eabi/lib/thumb/v7e-m+dp/hard\libc_nano.a(libc_a-memcpy-stub.o)
 .ARM.attributes